ARM Linker, 5.03 [Build 76] [MDK-ARM Standard]

==============================================================================

Section Cross References

    system_stm32f10x.o(.text) refers to system_stm32f10x.o(.data) for SystemCoreClock
    startup_stm32f10x_md.o(RESET) refers to startup_stm32f10x_md.o(STACK) for __initial_sp
    startup_stm32f10x_md.o(RESET) refers to startup_stm32f10x_md.o(.text) for Reset_Handler
    startup_stm32f10x_md.o(RESET) refers to stm32f10x_it.o(.text) for NMI_Handler
    startup_stm32f10x_md.o(RESET) refers to os_cpu_a.o(.text) for PendSV_Handler
    startup_stm32f10x_md.o(RESET) refers to bsp.o(.text) for SysTick_Handler
    startup_stm32f10x_md.o(RESET) refers to cc3000spi.o(.text) for EXTI1_IRQHandler
    startup_stm32f10x_md.o(RESET) refers to cc1101.o(.text) for EXTI9_5_IRQHandler
    startup_stm32f10x_md.o(.text) refers to system_stm32f10x.o(.text) for SystemInit
    startup_stm32f10x_md.o(.text) refers to entry.o(.ARM.Collect$$$$00000000) for __main
    app.o(.text) refers to uc1701x.o(.text) for Initial_Lcd
    app.o(.text) refers to os_time.o(.text) for OSTimeDly
    app.o(.text) refers to os_sem.o(.text) for OSSemPend
    app.o(.text) refers to lcddisplay.o(.text) for WifiStatusDisplay
    app.o(.text) refers to cc1101.o(.text) for CC1101Init
    app.o(.text) refers to dataprocess.o(.text) for CC1101DateRecProcess
    app.o(.text) refers to bsp.o(.text) for Board_Init
    app.o(.text) refers to wifi_application.o(.text) for Wifireceive_Function
    app.o(.text) refers to os_task.o(.text) for OSTaskCreate
    app.o(.text) refers to os_core.o(.text) for OSInit
    app.o(.text) refers to spi_flash.o(.text) for SPI_FLASH_Init
    app.o(.text) refers to app.o(.data) for err
    app.o(.text) refers to dataprocess.o(.data) for CC1101DataRecFlag
    app.o(.text) refers to dataprocess.o(.bss) for CC1101RxBuf
    app.o(.text) refers to wifi_application.o(.data) for Heart_Beat_Flag
    app.o(.text) refers to app.o(.bss) for WLANTaskStk
    wifi_application.o(.text) refers to netapp.o(.text) for netapp_dhcp
    wifi_application.o(.text) refers to cc3000spi.o(.text) for init_spi
    wifi_application.o(.text) refers to wlan.o(.text) for wlan_init
    wifi_application.o(.text) refers to socket.o(.text) for socket
    wifi_application.o(.text) refers to bsp.o(.text) for delay_ms
    wifi_application.o(.text) refers to ctype_o.o(.text) for __rt_ctype_table
    wifi_application.o(.text) refers to wifi_application.o(.data) for SysEvent
    wifi_application.o(.text) refers to wifi_application.o(.bss) for EventTimeOut
    wifi_application.o(.text) refers to cc3000_common.o(.text) for UINT32_TO_STREAM_f
    wifi_application.o(.text) refers to evnt_handler.o(.text) for hci_unsolicited_event_handler
    wifi_application.o(.text) refers to nvmem.o(.text) for nvmem_create_entry
    wifi_application.o(.text) refers to security.o(.text) for aes_write_key
    wifi_application.o(.text) refers to strlen.o(.text) for strlen
    wifi_application.o(.text) refers to memcpya.o(.text) for __aeabi_memcpy
    wifi_application.o(.text) refers to wifi_application.o(.constdata) for smartconfigkey
    wifi_application.o(.text) refers to app.o(.data) for WiFi_Status
    wifi_application.o(.text) refers to dataprocess.o(.text) for WorkingStateMsgTransmit
    wifi_application.o(.text) refers to dataprocess.o(.data) for CC1101DataRecFlag
    dataprocess.o(.text) refers to cc1101.o(.text) for CC1101SendPacket
    dataprocess.o(.text) refers to wifi_application.o(.text) for CC3000SendPacket
    dataprocess.o(.text) refers to dataprocess.o(.data) for MsgBegin
    dataprocess.o(.text) refers to dataprocess.o(.bss) for TxBuffer
    lcddisplay.o(.text) refers to uc1701x.o(.text) for displayString
    lcddisplay.o(.text) refers to lcddisplay.o(.constdata) for WiFiStatusCode
    lcddisplay.o(.text) refers to wifi_application.o(.data) for TCP_Mode
    lcddisplay.o(.text) refers to app.o(.data) for WiFi_Status
    lcddisplay.o(.text) refers to lcddisplay.o(.data) for Display_Index
    lcddisplay.o(.text) refers to dataprocess.o(.data) for CurrentSpeed
    bsp.o(.text) refers to stm32f10x_rcc.o(.text) for RCC_GetClocksFreq
    bsp.o(.text) refers to stm32f10x_gpio.o(.text) for GPIO_Init
    bsp.o(.text) refers to stm32f10x_tim.o(.text) for TIM_DeInit
    bsp.o(.text) refers to misc.o(.text) for NVIC_PriorityGroupConfig
    bsp.o(.text) refers to wifi_application.o(.text) for Init_CC3000Driver
    bsp.o(.text) refers to evnt_handler.o(.text) for hci_unsolicited_event_handler
    bsp.o(.text) refers to os_cpu_a.o(.text) for OS_CPU_SR_Save
    bsp.o(.text) refers to os_core.o(.text) for OSTimeTick
    bsp.o(.text) refers to system_stm32f10x.o(.data) for SystemCoreClock
    bsp.o(.text) refers to bsp.o(.data) for delayCount
    bsp.o(.text) refers to wifi_application.o(.data) for ulWifiEvent
    bsp.o(.text) refers to os_core.o(.data) for OSIntNesting
[...]
    .text                                    0x08009d64   Section        0  os_q.o(.text)
    .text                                    0x0800a364   Section        0  os_cpu_c.o(.text)
    .text                                    0x0800a464   Section        0  hci.o(.text)
    .text                                    0x0800a5e4   Section        0  ctype_o.o(.text)
    .text                                    0x0800a5ec   Section        0  memcpya.o(.text)
    .text                                    0x0800a610   Section        0  strlen.o(.text)
    .text                                    0x0800a620   Section       36  init.o(.text)
    .text                                    0x0800a644   Section        0  __dczerorl2.o(.text)
    i.__aeabi_errno_addr                     0x0800a6a0   Section        0  errno.o(i.__aeabi_errno_addr)
    i.__scatterload_copy                     0x0800a6a8   Section       14  handlers.o(i.__scatterload_copy)
    i.__scatterload_null                     0x0800a6b6   Section        2  handlers.o(i.__scatterload_null)
    i.__scatterload_zeroinit                 0x0800a6b8   Section       14  handlers.o(i.__scatterload_zeroinit)
    .constdata                               0x0800a6c6   Section       16  wifi_application.o(.constdata)
    .constdata                               0x0800a6d6   Section       72  lcddisplay.o(.constdata)
    .constdata                               0x0800a720   Section     1336  uc1701x.o(.constdata)
    .constdata                               0x0800ac58   Section       35  cc1101.o(.constdata)
    .constdata                               0x0800ac7b   Section      256  os_core.o(.constdata)
    .constdata                               0x0800ad7b   Section      523  security.o(.constdata)
    .constdata                               0x0800af86   Section      129  ctype_o.o(.constdata)
    .constdata                               0x0800b008   Section        4  ctype_o.o(.constdata)
    table                                    0x0800b008   Data           4  ctype_o.o(.constdata)
    .data                                    0x20000000   Section       20  system_stm32f10x.o(.data)
    .data                                    0x20000014   Section       19  app.o(.data)
    CC1101TimeNum                            0x20000018   Data           4  app.o(.data)
    LastDisplayStatus                        0x2000001c   Data           1  app.o(.data)
    .data                                    0x20000028   Section       74  wifi_application.o(.data)
    timesCnt                                 0x20000041   Data           1  wifi_application.o(.data)
    .data                                    0x20000074   Section       45  dataprocess.o(.data)
    .data                                    0x200000a4   Section       11  lcddisplay.o(.data)
    Display_Index                            0x200000a4   Data           1  lcddisplay.o(.data)
    LastCurrentSpeed                         0x200000a5   Data           1  lcddisplay.o(.data)
    LastTotalDrip                            0x200000a8   Data           4  lcddisplay.o(.data)
    LastTerminalPowerPrecent                 0x200000ac   Data           1  lcddisplay.o(.data)
    LastWorkingStatus                        0x200000ad   Data           1  lcddisplay.o(.data)
    Display_Index                            0x200000ae   Data           1  lcddisplay.o(.data)
    .data                                    0x200000b0   Section       13  bsp.o(.data)
    hci_unsolicited_timeout                  0x200000ba   Data           1  bsp.o(.data)
    wifi_status_led_timeout                  0x200000bb   Data           1  bsp.o(.data)
    sendratadata_timeout                     0x200000bc   Data           1  bsp.o(.data)
    .data                                    0x200000bd   Section      720  uc1701x.o(.data)
    .data                                    0x2000038d   Section        8  cc1101.o(.data)
    .data                                    0x20000395   Section       20  stm32f10x_rcc.o(.data)
    APBAHBPrescTable                         0x20000395   Data          16  stm32f10x_rcc.o(.data)
    ADCPrescTable                            0x200003a5   Data           4  stm32f10x_rcc.o(.data)
    .data                                    0x200003ac   Section       76  os_core.o(.data)
    .data                                    0x200003f8   Section        4  evnt_handler.o(.data)
    .data                                    0x200003fc   Section        5  cc3000spi.o(.data)
    .data                                    0x20000404   Section        4  errno.o(.data)
    _errno                                   0x20000404   Data           4  errno.o(.data)
    .bss                                     0x20000408   Section     2400  app.o(.bss)
    .bss                                     0x20000d68   Section     2222  wifi_application.o(.bss)
    .bss                                     0x20001616   Section      192  dataprocess.o(.bss)
    .bss                                     0x200016d8   Section     3752  os_core.o(.bss)
    .bss                                     0x20002580   Section      176  security.o(.bss)
    .bss                                     0x20002630   Section      151  wlan.o(.bss)
    .bss                                     0x200026c8   Section      282  cc3000spi.o(.bss)
    STACK                                    0x200027e8   Section     1024  startup_stm32f10x_md.o(STACK)

    Global Symbols

    Symbol Name                              Value     Ov Type        Size  Object(Section)

    BuildAttributes$$THM_ISAv4$P$D$K$B$S$PE$A:L22UL41UL21$X:L11$S22US41US21$IEEE1$IW$USESV6$~STKCKD$USESV7$~SHL$OSPACE$EBA8$MICROLIB$REQ8$PRES8$EABIv2 0x00000000   Number         0  anon$$obj.o ABSOLUTE
    __ARM_use_no_argv                        0x00000000   Number         0  app.o ABSOLUTE
    __cpp_initialize__aeabi_                  - Undefined Weak Reference
    __cxa_finalize                            - Undefined Weak Reference
    _clock_init                               - Undefined Weak Reference
    _microlib_exit                            - Undefined Weak Reference
    __Vectors_Size                           0x000000ec   Number         0  startup_stm32f10x_md.o ABSOLUTE
    __Vectors                                0x08000000   Data           4  startup_stm32f10x_md.o(RESET)
    __Vectors_End                            0x080000ec   Data           0  startup_stm32f10x_md.o(RESET)
    __main                                   0x080000ed   Thumb Code     0  entry.o(.ARM.Collect$$$$00000000)
    _main_stk                                0x080000ed   Thumb Code     0  entry2.o(.ARM.Collect$$$$00000001)
    _main_scatterload                        0x080000f1   Thumb Code     0  entry5.o(.ARM.Collect$$$$00000004)
    __main_after_scatterload                 0x080000f5   Thumb Code     0  entry5.o(.ARM.Collect$$$$00000004)
    _main_clock                              0x080000f5   Thumb Code     0  entry7b.o(.ARM.Collect$$$$00000008)
    _main_cpp_init                           0x080000f5   Thumb Code     0  entry8b.o(.ARM.Collect$$$$0000000A)
    _main_init                               0x080000f5   Thumb Code     0  entry9a.o(.ARM.Collect$$$$0000000B)
    __rt_final_cpp                           0x080000fd   Thumb Code     0  entry10a.o(.ARM.Collect$$$$0000000D)
    __rt_final_exit                          0x080000fd   Thumb Code     0  entry11a.o(.ARM.Collect$$$$0000000F)
    SystemInit                               0x080001dd   Thumb Code    78  system_stm32f10x.o(.text)
    SystemCoreClockUpdate                    0x0800022b   Thumb Code   142  system_stm32f10x.o(.text)
    Reset_Handler                            0x080002dd   Thumb Code     8  startup_stm32f10x_md.o(.text)
    ADC1_2_IRQHandler                        0x080002f7   Thumb Code     0  startup_stm32f10x_md.o(.text)
    CAN1_RX1_IRQHandler                      0x080002f7   Thumb Code     0  startup_stm32f10x_md.o(.text)
    CAN1_SCE_IRQHandler                      0x080002f7   Thumb Code     0  startup_stm32f10x_md.o(.text)
    DMA1_Channel1_IRQHandler                 0x080002f7   Thumb Code     0  startup_stm32f10x_md.o(.text)
    DMA1_Channel4_IRQHandler                 0x080002f7   Thumb Code     0  startup_stm32f10x_md.o(.text)
    DMA1_Channel5_IRQHandler                 0x080002f7   Thumb Code     0  startup_stm32f10x_md.o(.text)
    DMA1_Channel6_IRQHandler                 0x080002f7   Thumb Code     0  startup_stm32f10x_md.o(.text)
    DMA1_Channel7_IRQHandler                 0x080002f7   Thumb Code     0  startup_stm32f10x_md.o(.text)
    EXTI0_IRQHandler                         0x080002f7   Thumb Code     0  startup_stm32f10x_md.o(.text)
    EXTI15_10_IRQHandler                     0x080002f7   Thumb Code     0  startup_stm32f10x_md.o(.text)
    EXTI2_IRQHandler                         0x080002f7   Thumb Code     0  startup_stm32f10x_md.o(.text)
    EXTI3_IRQHandler                         0x080002f7   Thumb Code     0  startup_stm32f10x_md.o(.text)
    EXTI4_IRQHandler                         0x080002f7   Thumb Code     0  startup_stm32f10x_md.o(.text)
    FLASH_IRQHandler                         0x080002f7   Thumb Code     0  startup_stm32f10x_md.o(.text)
    I2C1_ER_IRQHandler                       0x080002f7   Thumb Code     0  startup_stm32f10x_md.o(.text)
    I2C1_EV_IRQHandler                       0x080002f7   Thumb Code     0  startup_stm32f10x_md.o(.text)
    I2C2_ER_IRQHandler                       0x080002f7   Thumb Code     0  startup_stm32f10x_md.o(.text)
    I2C2_EV_IRQHandler                       0x080002f7   Thumb Code     0  startup_stm32f10x_md.o(.text)
    PVD_IRQHandler                           0x080002f7   Thumb Code     0  startup_stm32f10x_md.o(.text)
    RCC_IRQHandler                           0x080002f7   Thumb Code     0  startup_stm32f10x_md.o(.text)
    RTCAlarm_IRQHandler                      0x080002f7   Thumb Code     0  startup_stm32f10x_md.o(.text)
    RTC_IRQHandler                           0x080002f7   Thumb Code     0  startup_stm32f10x_md.o(.text)
    SPI1_IRQHandler                          0x080002f7   Thumb Code     0  startup_stm32f10x_md.o(.text)
    SPI2_IRQHandler                          0x080002f7   Thumb Code     0  startup_stm32f10x_md.o(.text)
    TAMPER_IRQHandler                        0x080002f7   Thumb Code     0  startup_stm32f10x_md.o(.text)
    TIM1_BRK_IRQHandler                      0x080002f7   Thumb Code     0  startup_stm32f10x_md.o(.text)
    TIM1_CC_IRQHandler                       0x080002f7   Thumb Code     0  startup_stm32f10x_md.o(.text)
    TIM1_TRG_COM_IRQHandler                  0x080002f7   Thumb Code     0  startup_stm32f10x_md.o(.text)
    TIM1_UP_IRQHandler                       0x080002f7   Thumb Code     0  startup_stm32f10x_md.o(.text)
    TIM3_IRQHandler                          0x080002f7   Thumb Code     0  startup_stm32f10x_md.o(.text)
    TIM4_IRQHandler                          0x080002f7   Thumb Code     0  startup_stm32f10x_md.o(.text)
    USART1_IRQHandler                        0x080002f7   Thumb Code     0  startup_stm32f10x_md.o(.text)
    USART2_IRQHandler                        0x080002f7   Thumb Code     0  startup_stm32f10x_md.o(.text)
    USART3_IRQHandler                        0x080002f7   Thumb Code     0  startup_stm32f10x_md.o(.text)
    USBWakeUp_IRQHandler                     0x080002f7   Thumb Code     0  startup_stm32f10x_md.o(.text)
    USB_HP_CAN1_TX_IRQHandler                0x080002f7   Thumb Code     0  startup_stm32f10x_md.o(.text)
    USB_LP_CAN1_RX0_IRQHandler               0x080002f7   Thumb Code     0  startup_stm32f10x_md.o(.text)
    WWDG_IRQHandler                          0x080002f7   Thumb Code     0  startup_stm32f10x_md.o(.text)
    NMI_Handler                              0x08000301   Thumb Code     2  stm32f10x_it.o(.text)
    HardFault_Handler                        0x08000303   Thumb Code     4  stm32f10x_it.o(.text)
    MemManage_Handler                        0x08000307   Thumb Code     4  stm32f10x_it.o(.text)
    BusFault_Handler                         0x0800030b   Thumb Code     4  stm32f10x_it.o(.text)
    UsageFault_Handler                       0x0800030f   Thumb Code     4  stm32f10x_it.o(.text)
    SVC_Handler                              0x08000313   Thumb Code     2  stm32f10x_it.o(.text)
    DebugMon_Handler                         0x08000315   Thumb Code     2  stm32f10x_it.o(.text)
    main                                     0x08000479   Thumb Code    26  app.o(.text)
    SetEventTimeOut                          0x0800050d   Thumb Code   104  wifi_application.o(.text)
    SetEvent                                 0x08000575   Thumb Code    42  wifi_application.o(.text)
    ClearEvent                               0x0800059f   Thumb Code    42  wifi_application.o(.text)
    GetEvent                                 0x080005c9   Thumb Code    52  wifi_application.o(.text)
    sendDriverPatch                          0x080005fd   Thumb Code     8  wifi_application.o(.text)
    sendBootLoaderPatch                      0x08000605   Thumb Code     8  wifi_application.o(.text)
    sendWLFWPatch                            0x0800060d   Thumb Code     8  wifi_application.o(.text)
    CC3000_UsynchCallback                    0x08000615   Thumb Code   152  wifi_application.o(.text)
    Set_staticIP                             0x080006ad   Thumb Code    56  wifi_application.o(.text)
    Init_CC3000Driver                        0x080006e5   Thumb Code   102  wifi_application.o(.text)
    Set_ulSocket                             0x0800074b   Thumb Code   122  wifi_application.o(.text)
    Set_TCP                                  0x080007c5   Thumb Code   188  wifi_application.o(.text)
    ReConnectSocket                          0x08000881   Thumb Code   102  wifi_application.o(.text)
    initClient                               0x08000a97   Thumb Code   102  wifi_application.o(.text)
    Init_Client                              0x08000afd   Thumb Code    22  wifi_application.o(.text)
    GetdeviceInfo                            0x08000b31   Thumb Code    42  wifi_application.o(.text)
    StartSmartConfig                         0x08000b5b   Thumb Code   252  wifi_application.o(.text)
    ConnectionAP                             0x08000c57   Thumb Code    80  wifi_application.o(.text)
    TCPClient                                0x08000ca7   Thumb Code    80  wifi_application.o(.text)
    TCPServer                                0x08000cf7   Thumb Code    36  wifi_application.o(.text)
    ConnectUsingSSID                         0x08000d1b   Thumb Code   178  wifi_application.o(.text)
    Wifi_Scan                                0x08000dcd   Thumb Code   132  wifi_application.o(.text)
    Wifi_send_data                           0x08000e51   Thumb Code   170  wifi_application.o(.text)
    Wifi_recv_data                           0x08000efb   Thumb Code   170  wifi_application.o(.text)
    Wifi_event_handler                       0x08000fa5   Thumb Code   188  wifi_application.o(.text)
    CC3000SendPacket                         0x08001061   Thumb Code    24  wifi_application.o(.text)
    Wifisend_Function                        0x08001079   Thumb Code    32  wifi_application.o(.text)
    Wifireceive_Function                     0x08001099   Thumb Code    68  wifi_application.o(.text)
    MessageHeader                            0x08001129   Thumb Code   124  dataprocess.o(.text)
    WorkingStateMsgReqTransmit               0x080011a5   Thumb Code    58  dataprocess.o(.text)
    WorkingStateMsgTransmit                  0x080011df   Thumb Code    88  dataprocess.o(.text)
    HeartBeatTransmit                        0x08001237   Thumb Code    74  dataprocess.o(.text)
    WorkingStateMsgAckTransmit               0x08001281   Thumb Code    58  dataprocess.o(.text)
    LoginTransmit                            0x080012bb   Thumb Code    96  dataprocess.o(.text)
    LoginAckTransmit                         0x0800131b   Thumb Code    68  dataprocess.o(.text)
    CC1101DateRecProcess                     0x0800135f   Thumb Code   134  dataprocess.o(.text)
    CC1101DateSendProcess                    0x080013e5   Thumb Code    10  dataprocess.o(.text)
    DisplayItoA                              0x0800143d   Thumb Code   212  lcddisplay.o(.text)
    Display_WiFi_Status_Code                 0x08001511   Thumb Code    14  lcddisplay.o(.text)
    Display_WiFi_Status_NoConnect            0x0800151f   Thumb Code    14  lcddisplay.o(.text)
    Display_WiFi_Status_Connecting           0x0800152d   Thumb Code    14  lcddisplay.o(.text)
    Display_Line_Clear                       0x0800153b   Thumb Code    24  lcddisplay.o(.text)
    Display_WiFi_Status_ReConnecting         0x08001553   Thumb Code    26  lcddisplay.o(.text)
    Display_WiFi_Status_Connected            0x0800156d   Thumb Code    14  lcddisplay.o(.text)
    Display_WiFi_Router_Name                 0x0800157b   Thumb Code    26  lcddisplay.o(.text)
    Display_Connect_Type                     0x08001595   Thumb Code    52  lcddisplay.o(.text)
    Display_WiFi_Status_Scanning             0x080015c9   Thumb Code    14  lcddisplay.o(.text)
    Display_WiFi_Status_Scanfinish           0x080015d7   Thumb Code    24  lcddisplay.o(.text)
    Display_WiFi_TCP_Status                  0x080015ef   Thumb Code    60  lcddisplay.o(.text)
    WifiStatusDisplay                        0x0800162b   Thumb Code   240  lcddisplay.o(.text)
    DataDisplayCode                          0x0800171b   Thumb Code    44  lcddisplay.o(.text)
    DataDisplay                              0x08001747   Thumb Code   182  lcddisplay.o(.text)
    BSP_Init                                 0x0800194f   Thumb Code     8  bsp.o(.text)
    BSP_CPU_ClkFreq                          0x08001957   Thumb Code    16  bsp.o(.text)
    OS_CPU_SysTickClkFreq                    0x08001967   Thumb Code    12  bsp.o(.text)
    delay_ms                                 0x08001973   Thumb Code    22  bsp.o(.text)
    HW_IO_init                               0x08001989   Thumb Code    90  bsp.o(.text)
    TIM2_Configuration                       0x080019e3   Thumb Code   126  bsp.o(.text)
    Board_Init                               0x08001a61   Thumb Code    22  bsp.o(.text)
    SetLEDStatus                             0x08001a77   Thumb Code    26  bsp.o(.text)
    SetLEDToggle                             0x08001a91   Thumb Code    32  bsp.o(.text)
    SetRELAYToggle                           0x08001ab1   Thumb Code    50  bsp.o(.text)
    TIM2_IRQHandler                          0x08001ae3   Thumb Code   138  bsp.o(.text)
    SysTick_Handler                          0x08001b6d   Thumb Code    54  bsp.o(.text)
    SPI_FLASH_Write_Protect_ENABLE           0x08001bd1   Thumb Code    14  spi_flash.o(.text)
    SPI_FLASH_Write_Protect_DISABLE          0x08001bdf   Thumb Code    14  spi_flash.o(.text)
    SPI_FLASH_Init                           0x08001bed   Thumb Code   138  spi_flash.o(.text)
    SPI_FLASH_ReadByte                       0x08001c77   Thumb Code   120  spi_flash.o(.text)
    SPI_FLASH_SendByte                       0x08001cef   Thumb Code   126  spi_flash.o(.text)
    SPI_FLASH_WaitForWriteEnd                0x08001d6d   Thumb Code    46  spi_flash.o(.text)
    SPI_FLASH_WriteEnable                    0x08001d9b   Thumb Code    30  spi_flash.o(.text)
    SPI_FLASH_SectorErase                    0x08001db9   Thumb Code    66  spi_flash.o(.text)
    SPI_FLASH_BulkErase                      0x08001dfb   Thumb Code    38  spi_flash.o(.text)
    SPI_FLASH_PageWrite                      0x08001e21   Thumb Code    96  spi_flash.o(.text)
    SPI_FLASH_BufferWrite                    0x08001e81   Thumb Code   290  spi_flash.o(.text)
    SPI_FLASH_BufferRead                     0x08001fa3   Thumb Code    98  spi_flash.o(.text)
    SPI_FLASH_ReadID                         0x08002005   Thumb Code    72  spi_flash.o(.text)
    SPI_FLASH_ReadDeviceID                   0x0800204d   Thumb Code    58  spi_flash.o(.text)
    SPI_FLASH_StartReadSequence              0x08002087   Thumb Code    44  spi_flash.o(.text)
    SPI_Flash_PowerDown                      0x080020b3   Thumb Code    30  spi_flash.o(.text)
    SPI_Flash_WAKEUP                         0x080020d1   Thumb Code    30  spi_flash.o(.text)
    Get_Font_Size                            0x080020f5   Thumb Code     8  uc1701x.o(.text)
    UC1701X_PORT_INIT                        0x080020fd   Thumb Code   114  uc1701x.o(.text)
    Transfer_command                         0x0800216f   Thumb Code    82  uc1701x.o(.text)
    Transfer_data                            0x080021c1   Thumb Code    82  uc1701x.o(.text)
    Initial_Lcd                              0x08002213   Thumb Code   112  uc1701x.o(.text)
    clear_screen                             0x08002283   Thumb Code    98  uc1701x.o(.text)
    DisplayClearAll                          0x080022e5   Thumb Code    18  uc1701x.o(.text)
    DisplayGraphic1                          0x080022f7   Thumb Code    62  uc1701x.o(.text)
    DisplayCode                              0x08002335   Thumb Code   104  uc1701x.o(.text)
    displayChar                              0x0800239d   Thumb Code    40  uc1701x.o(.text)
    displayString                            0x080023c5   Thumb Code   100  uc1701x.o(.text)
    DisplayNum                               0x08002429   Thumb Code    34  uc1701x.o(.text)
    Delay                                    0x08002461   Thumb Code    16  cc1101.o(.text)
    SPI_ReadWrite                            0x08002471   Thumb Code    50  cc1101.o(.text)
    SPI_ReadByte                             0x080024a3   Thumb Code    10  cc1101.o(.text)
    SPiCWriteReg                             0x080024ad   Thumb Code    56  cc1101.o(.text)
    SpiCWriteBurstReg                        0x080024e5   Thumb Code    78  cc1101.o(.text)
    SpiCReadReg                              0x08002533   Thumb Code    62  cc1101.o(.text)
    SpiCReadBurstReg                         0x08002571   Thumb Code    80  cc1101.o(.text)
    SpiCReadStatus                           0x080025c1   Thumb Code    60  cc1101.o(.text)
    SpiCStrobe                               0x080025fd   Thumb Code    48  cc1101.o(.text)
    SPiCPowerUpReset                         0x0800262d   Thumb Code   148  cc1101.o(.text)
    WriteRfSetting                           0x080026c1   Thumb Code   360  cc1101.o(.text)
    CC1101SendPacket                         0x08002829   Thumb Code   176  cc1101.o(.text)
    ClearRecBuf                              0x080028d9   Thumb Code    20  cc1101.o(.text)
    CC1101ReceivePacket                      0x080028ed   Thumb Code   118  cc1101.o(.text)
    GDO2EXTI_Config                          0x08002963   Thumb Code   108  cc1101.o(.text)
    CC1100_GPIO_Configuration                0x080029cf   Thumb Code   200  cc1101.o(.text)
    CC1101Init                               0x08002a97   Thumb Code    84  cc1101.o(.text)
    CC1101AddSet                             0x08002aeb   Thumb Code    46  cc1101.o(.text)
    EXTI9_5_IRQHandler                       0x08002b19   Thumb Code    26  cc1101.o(.text)
    NVIC_PriorityGroupConfig                 0x08002b51   Thumb Code    10  misc.o(.text)
    NVIC_Init                                0x08002b5b   Thumb Code   102  misc.o(.text)
    NVIC_SetVectorTable                      0x08002bc1   Thumb Code    14  misc.o(.text)
    NVIC_SystemLPConfig                      0x08002bcf   Thumb Code    34  misc.o(.text)
    SysTick_CLKSourceConfig                  0x08002bf1   Thumb Code    40  misc.o(.text)
    EXTI_DeInit                              0x08002c2d   Thumb Code    28  stm32f10x_exti.o(.text)
    EXTI_Init                                0x08002c49   Thumb Code   142  stm32f10x_exti.o(.text)
    EXTI_StructInit                          0x08002cd7   Thumb Code    16  stm32f10x_exti.o(.text)
    EXTI_GenerateSWInterrupt                 0x08002ce7   Thumb Code    16  stm32f10x_exti.o(.text)
    EXTI_GetFlagStatus                       0x08002cf7   Thumb Code    22  stm32f10x_exti.o(.text)
    EXTI_ClearFlag                           0x08002d0d   Thumb Code     8  stm32f10x_exti.o(.text)
    EXTI_GetITStatus                         0x08002d15   Thumb Code    34  stm32f10x_exti.o(.text)
    EXTI_ClearITPendingBit                   0x08002d37   Thumb Code     8  stm32f10x_exti.o(.text)
    GPIO_DeInit                              0x08002d49   Thumb Code   172  stm32f10x_gpio.o(.text)
    GPIO_AFIODeInit                          0x08002df5   Thumb Code    20  stm32f10x_gpio.o(.text)
    GPIO_Init                                0x08002e09   Thumb Code   274  stm32f10x_gpio.o(.text)
    GPIO_StructInit                          0x08002f1b   Thumb Code    16  stm32f10x_gpio.o(.text)
    GPIO_ReadInputDataBit                    0x08002f2b   Thumb Code    18  stm32f10x_gpio.o(.text)
    GPIO_ReadInputData                       0x08002f3d   Thumb Code     8  stm32f10x_gpio.o(.text)
    GPIO_ReadOutputDataBit                   0x08002f45   Thumb Code    18  stm32f10x_gpio.o(.text)
    GPIO_ReadOutputData                      0x08002f57   Thumb Code     8  stm32f10x_gpio.o(.text)
    GPIO_SetBits                             0x08002f5f   Thumb Code     4  stm32f10x_gpio.o(.text)
    GPIO_ResetBits                           0x08002f63   Thumb Code     4  stm32f10x_gpio.o(.text)
    GPIO_WriteBit                            0x08002f67   Thumb Code    10  stm32f10x_gpio.o(.text)
    GPIO_Write                               0x08002f71   Thumb Code     4  stm32f10x_gpio.o(.text)
    GPIO_PinLockConfig                       0x08002f75   Thumb Code    18  stm32f10x_gpio.o(.text)
    GPIO_EventOutputConfig                   0x08002f87   Thumb Code    26  stm32f10x_gpio.o(.text)
    GPIO_EventOutputCmd                      0x08002fa1   Thumb Code     6  stm32f10x_gpio.o(.text)
    GPIO_PinRemapConfig                      0x08002fa7   Thumb Code   138  stm32f10x_gpio.o(.text)
    GPIO_EXTILineConfig                      0x08003031   Thumb Code    66  stm32f10x_gpio.o(.text)
    GPIO_ETH_MediaInterfaceConfig            0x08003073   Thumb Code     6  stm32f10x_gpio.o(.text)
    RCC_DeInit                               0x080030a1   Thumb Code    64  stm32f10x_rcc.o(.text)
    RCC_HSEConfig                            0x080030e1   Thumb Code    70  stm32f10x_rcc.o(.text)
    RCC_GetFlagStatus                        0x08003127   Thumb Code    56  stm32f10x_rcc.o(.text)
    RCC_WaitForHSEStartUp                    0x0800315f   Thumb Code    56  stm32f10x_rcc.o(.text)
    RCC_AdjustHSICalibrationValue            0x08003197   Thumb Code    20  stm32f10x_rcc.o(.text)
    RCC_HSICmd                               0x080031ab   Thumb Code     6  stm32f10x_rcc.o(.text)
    RCC_PLLConfig                            0x080031b1   Thumb Code    24  stm32f10x_rcc.o(.text)
    RCC_PLLCmd                               0x080031c9   Thumb Code     6  stm32f10x_rcc.o(.text)
    RCC_SYSCLKConfig                         0x080031cf   Thumb Code    18  stm32f10x_rcc.o(.text)
    RCC_GetSYSCLKSource                      0x080031e1   Thumb Code    10  stm32f10x_rcc.o(.text)
    RCC_HCLKConfig                           0x080031eb   Thumb Code    18  stm32f10x_rcc.o(.text)
    RCC_PCLK1Config                          0x080031fd   Thumb Code    18  stm32f10x_rcc.o(.text)
    RCC_PCLK2Config                          0x0800320f   Thumb Code    20  stm32f10x_rcc.o(.text)
    RCC_ITConfig                             0x08003223   Thumb Code    26  stm32f10x_rcc.o(.text)
    RCC_USBCLKConfig                         0x0800323d   Thumb Code     6  stm32f10x_rcc.o(.text)
    RCC_ADCCLKConfig                         0x08003243   Thumb Code    18  stm32f10x_rcc.o(.text)
    RCC_LSEConfig                            0x08003255   Thumb Code    44  stm32f10x_rcc.o(.text)
    RCC_LSICmd                               0x08003281   Thumb Code     6  stm32f10x_rcc.o(.text)
    RCC_RTCCLKConfig                         0x08003287   Thumb Code    12  stm32f10x_rcc.o(.text)
    RCC_RTCCLKCmd                            0x08003293   Thumb Code     8  stm32f10x_rcc.o(.text)
    RCC_GetClocksFreq                        0x0800329b   Thumb Code   192  stm32f10x_rcc.o(.text)
    RCC_AHBPeriphClockCmd                    0x0800335b   Thumb Code    26  stm32f10x_rcc.o(.text)
    RCC_APB2PeriphClockCmd                   0x08003375   Thumb Code    26  stm32f10x_rcc.o(.text)
    RCC_APB1PeriphClockCmd                   0x0800338f   Thumb Code    26  stm32f10x_rcc.o(.text)
    RCC_APB2PeriphResetCmd                   0x080033a9   Thumb Code    26  stm32f10x_rcc.o(.text)
    RCC_APB1PeriphResetCmd                   0x080033c3   Thumb Code    26  stm32f10x_rcc.o(.text)
    RCC_BackupResetCmd                       0x080033dd   Thumb Code     8  stm32f10x_rcc.o(.text)
    RCC_ClockSecuritySystemCmd               0x080033e5   Thumb Code     6  stm32f10x_rcc.o(.text)
    RCC_MCOConfig                            0x080033eb   Thumb Code     6  stm32f10x_rcc.o(.text)
    RCC_ClearFlag                            0x080033f1   Thumb Code    14  stm32f10x_rcc.o(.text)
    RCC_GetITStatus                          0x080033ff   Thumb Code    20  stm32f10x_rcc.o(.text)
    RCC_ClearITPendingBit                    0x08003413   Thumb Code     6  stm32f10x_rcc.o(.text)
    SPI_I2S_DeInit                           0x08003445   Thumb Code    76  stm32f10x_spi.o(.text)
    SPI_Init                                 0x08003491   Thumb Code    60  stm32f10x_spi.o(.text)
    I2S_Init                                 0x080034cd   Thumb Code   226  stm32f10x_spi.o(.text)
    SPI_StructInit                           0x080035af   Thumb Code    24  stm32f10x_spi.o(.text)
    I2S_StructInit                           0x080035c7   Thumb Code    20  stm32f10x_spi.o(.text)
    SPI_Cmd                                  0x080035db   Thumb Code    24  stm32f10x_spi.o(.text)
    I2S_Cmd                                  0x080035f3   Thumb Code    24  stm32f10x_spi.o(.text)
    SPI_I2S_ITConfig                         0x0800360b   Thumb Code    32  stm32f10x_spi.o(.text)
    SPI_I2S_DMACmd                           0x0800362b   Thumb Code    18  stm32f10x_spi.o(.text)
    SPI_I2S_SendData                         0x0800363d   Thumb Code     4  stm32f10x_spi.o(.text)
    SPI_I2S_ReceiveData                      0x08003641   Thumb Code     6  stm32f10x_spi.o(.text)
    SPI_NSSInternalSoftwareConfig            0x08003647   Thumb Code    30  stm32f10x_spi.o(.text)
    SPI_SSOutputCmd                          0x08003665   Thumb Code    24  stm32f10x_spi.o(.text)
    SPI_DataSizeConfig                       0x0800367d   Thumb Code    18  stm32f10x_spi.o(.text)
    SPI_TransmitCRC                          0x0800368f   Thumb Code    10  stm32f10x_spi.o(.text)
    SPI_CalculateCRC                         0x08003699   Thumb Code    24  stm32f10x_spi.o(.text)
    SPI_GetCRC                               0x080036b1   Thumb Code    16  stm32f10x_spi.o(.text)
    SPI_GetCRCPolynomial                     0x080036c1   Thumb Code     6  stm32f10x_spi.o(.text)
    SPI_BiDirectionalLineConfig              0x080036c7   Thumb Code    28  stm32f10x_spi.o(.text)
    SPI_I2S_GetFlagStatus                    0x080036e3   Thumb Code    18  stm32f10x_spi.o(.text)
    SPI_I2S_ClearFlag                        0x080036f5   Thumb Code     6  stm32f10x_spi.o(.text)
    SPI_I2S_GetITStatus                      0x080036fb   Thumb Code    52  stm32f10x_spi.o(.text)
    SPI_I2S_ClearITPendingBit                0x0800372f   Thumb Code    20  stm32f10x_spi.o(.text)
    TIM_DeInit                               0x08003751   Thumb Code   424  stm32f10x_tim.o(.text)
    TIM_TimeBaseInit                         0x080038f9   Thumb Code   122  stm32f10x_tim.o(.text)
    TIM_OC1Init                              0x08003973   Thumb Code   132  stm32f10x_tim.o(.text)
    TIM_OC2Init                              0x080039f7   Thumb Code   154  stm32f10x_tim.o(.text)
    TIM_OC3Init                              0x08003a91   Thumb Code   150  stm32f10x_tim.o(.text)
    TIM_OC4Init                              0x08003b27   Thumb Code   182  stm32f10x_tim.o(.text)
    TIM_SetIC4Prescaler                      0x08003bdd   Thumb Code    26  stm32f10x_tim.o(.text)
    TIM_SetIC3Prescaler                      0x08003c79   Thumb Code    18  stm32f10x_tim.o(.text)
    TIM_SetIC2Prescaler                      0x08003d05   Thumb Code    26  stm32f10x_tim.o(.text)
    TIM_SetIC1Prescaler                      0x08003da1   Thumb Code    18  stm32f10x_tim.o(.text)
    TIM_ICInit                               0x08003e1f   Thumb Code   150  stm32f10x_tim.o(.text)
    TIM_PWMIConfig                           0x08003eb5   Thumb Code   124  stm32f10x_tim.o(.text)
    TIM_BDTRConfig                           0x08003f31   Thumb Code    32  stm32f10x_tim.o(.text)
    TIM_TimeBaseStructInit                   0x08003f51   Thumb Code    18  stm32f10x_tim.o(.text)
    TIM_OCStructInit                         0x08003f63   Thumb Code    20  stm32f10x_tim.o(.text)
    TIM_ICStructInit                         0x08003f77   Thumb Code    18  stm32f10x_tim.o(.text)
    TIM_BDTRStructInit                       0x08003f89   Thumb Code    40  stm32f10x_tim.o(.text)
    TIM_Cmd                                  0x08003fb1   Thumb Code    24  stm32f10x_tim.o(.text)
    TIM_CtrlPWMOutputs                       0x08003fc9   Thumb Code    30  stm32f10x_tim.o(.text)
    TIM_ITConfig                             0x08003fe7   Thumb Code    18  stm32f10x_tim.o(.text)
    TIM_GenerateEvent                        0x08003ff9   Thumb Code     4  stm32f10x_tim.o(.text)
    TIM_DMAConfig                            0x08003ffd   Thumb Code    10  stm32f10x_tim.o(.text)
    TIM_DMACmd                               0x08004007   Thumb Code    18  stm32f10x_tim.o(.text)
    TIM_InternalClockConfig                  0x08004019   Thumb Code    12  stm32f10x_tim.o(.text)
    TIM_SelectInputTrigger                   0x08004025   Thumb Code    18  stm32f10x_tim.o(.text)
    TIM_ITRxExternalClockConfig              0x08004037   Thumb Code    24  stm32f10x_tim.o(.text)
    TIM_TIxExternalClockConfig               0x0800404f   Thumb Code    62  stm32f10x_tim.o(.text)
    TIM_ETRConfig                            0x0800408d   Thumb Code    28  stm32f10x_tim.o(.text)
    TIM_ETRClockMode1Config                  0x080040a9   Thumb Code    54  stm32f10x_tim.o(.text)
    TIM_ETRClockMode2Config                  0x080040df   Thumb Code    32  stm32f10x_tim.o(.text)
    TIM_PrescalerConfig                      0x080040ff   Thumb Code     6  stm32f10x_tim.o(.text)
    TIM_CounterModeConfig                    0x08004105   Thumb Code    18  stm32f10x_tim.o(.text)
    TIM_EncoderInterfaceConfig               0x08004117   Thumb Code    66  stm32f10x_tim.o(.text)
    TIM_ForcedOC1Config                      0x08004159   Thumb Code    18  stm32f10x_tim.o(.text)
    TIM_ForcedOC2Config                      0x0800416b   Thumb Code    26  stm32f10x_tim.o(.text)
    TIM_ForcedOC3Config                      0x08004185   Thumb Code    18  stm32f10x_tim.o(.text)
    TIM_ForcedOC4Config                      0x08004197   Thumb Code    26  stm32f10x_tim.o(.text)
    TIM_ARRPreloadConfig                     0x080041b1   Thumb Code    24  stm32f10x_tim.o(.text)
    TIM_SelectCOM                            0x080041c9   Thumb Code    24  stm32f10x_tim.o(.text)
    TIM_SelectCCDMA                          0x080041e1   Thumb Code    24  stm32f10x_tim.o(.text)
    TIM_CCPreloadControl                     0x080041f9   Thumb Code    24  stm32f10x_tim.o(.text)
    TIM_OC1PreloadConfig                     0x08004211   Thumb Code    18  stm32f10x_tim.o(.text)
    TIM_OC2PreloadConfig                     0x08004223   Thumb Code    26  stm32f10x_tim.o(.text)
    TIM_OC3PreloadConfig                     0x0800423d   Thumb Code    18  stm32f10x_tim.o(.text)
    TIM_OC4PreloadConfig                     0x0800424f   Thumb Code    26  stm32f10x_tim.o(.text)
    TIM_OC1FastConfig                        0x08004269   Thumb Code    18  stm32f10x_tim.o(.text)
    TIM_OC2FastConfig                        0x0800427b   Thumb Code    26  stm32f10x_tim.o(.text)
    TIM_OC3FastConfig                        0x08004295   Thumb Code    18  stm32f10x_tim.o(.text)
    TIM_OC4FastConfig                        0x080042a7   Thumb Code    26  stm32f10x_tim.o(.text)
    TIM_ClearOC1Ref                          0x080042c1   Thumb Code    18  stm32f10x_tim.o(.text)
    TIM_ClearOC2Ref                          0x080042d3   Thumb Code    24  stm32f10x_tim.o(.text)
    TIM_ClearOC3Ref                          0x080042eb   Thumb Code    18  stm32f10x_tim.o(.text)
    TIM_ClearOC4Ref                          0x080042fd   Thumb Code    24  stm32f10x_tim.o(.text)
    TIM_OC1PolarityConfig                    0x08004315   Thumb Code    18  stm32f10x_tim.o(.text)
    TIM_OC1NPolarityConfig                   0x08004327   Thumb Code    18  stm32f10x_tim.o(.text)
    TIM_OC2PolarityConfig                    0x08004339   Thumb Code    26  stm32f10x_tim.o(.text)
    TIM_OC2NPolarityConfig                   0x08004353   Thumb Code    26  stm32f10x_tim.o(.text)
    TIM_OC3PolarityConfig                    0x0800436d   Thumb Code    26  stm32f10x_tim.o(.text)
    TIM_OC3NPolarityConfig                   0x08004387   Thumb Code    26  stm32f10x_tim.o(.text)
    TIM_OC4PolarityConfig                    0x080043a1   Thumb Code    26  stm32f10x_tim.o(.text)
    TIM_CCxCmd                               0x080043bb   Thumb Code    30  stm32f10x_tim.o(.text)
    TIM_CCxNCmd                              0x080043d9   Thumb Code    30  stm32f10x_tim.o(.text)
    TIM_SelectOCxM                           0x080043f7   Thumb Code    82  stm32f10x_tim.o(.text)
    TIM_UpdateDisableConfig                  0x08004449   Thumb Code    24  stm32f10x_tim.o(.text)
    TIM_UpdateRequestConfig                  0x08004461   Thumb Code    24  stm32f10x_tim.o(.text)
    TIM_SelectHallSensor                     0x08004479   Thumb Code    24  stm32f10x_tim.o(.text)
    TIM_SelectOnePulseMode                   0x08004491   Thumb Code    18  stm32f10x_tim.o(.text)
    TIM_SelectOutputTrigger                  0x080044a3   Thumb Code    18  stm32f10x_tim.o(.text)
    TIM_SelectSlaveMode                      0x080044b5   Thumb Code    18  stm32f10x_tim.o(.text)
    TIM_SelectMasterSlaveMode                0x080044c7   Thumb Code    18  stm32f10x_tim.o(.text)
    TIM_SetCounter                           0x080044d9   Thumb Code     4  stm32f10x_tim.o(.text)
    TIM_SetAutoreload                        0x080044dd   Thumb Code     4  stm32f10x_tim.o(.text)
    TIM_SetCompare1                          0x080044e1   Thumb Code     4  stm32f10x_tim.o(.text)
    TIM_SetCompare2                          0x080044e5   Thumb Code     4  stm32f10x_tim.o(.text)
    TIM_SetCompare3                          0x080044e9   Thumb Code     4  stm32f10x_tim.o(.text)
    TIM_SetCompare4                          0x080044ed   Thumb Code     6  stm32f10x_tim.o(.text)
    TIM_SetClockDivision                     0x080044f3   Thumb Code    18  stm32f10x_tim.o(.text)
    TIM_GetCapture1                          0x08004505   Thumb Code     6  stm32f10x_tim.o(.text)
    TIM_GetCapture2                          0x0800450b   Thumb Code     6  stm32f10x_tim.o(.text)
    TIM_GetCapture3                          0x08004511   Thumb Code     6  stm32f10x_tim.o(.text)
    TIM_GetCapture4                          0x08004517   Thumb Code     8  stm32f10x_tim.o(.text)
    TIM_GetCounter                           0x0800451f   Thumb Code     6  stm32f10x_tim.o(.text)
    TIM_GetPrescaler                         0x08004525   Thumb Code     6  stm32f10x_tim.o(.text)
    TIM_GetFlagStatus                        0x0800452b   Thumb Code    18  stm32f10x_tim.o(.text)
    TIM_ClearFlag                            0x0800453d   Thumb Code     6  stm32f10x_tim.o(.text)
    TIM_GetITStatus                          0x08004543   Thumb Code    34  stm32f10x_tim.o(.text)
    TIM_ClearITPendingBit                    0x08004565   Thumb Code     6  stm32f10x_tim.o(.text)
    OS_StrLen                                0x0800456d   Thumb Code    20  os_core.o(.text)
    OSEventNameGet                           0x08004581   Thumb Code    98  os_core.o(.text)
    OSEventNameSet                           0x080045e3   Thumb Code    84  os_core.o(.text)
    OS_EventTaskRemoveMulti                  0x08004637   Thumb Code    60  os_core.o(.text)
    OS_Sched                                 0x0800468d   Thumb Code    88  os_core.o(.text)
    OS_EventTaskWaitMulti                    0x080046e5   Thumb Code   136  os_core.o(.text)
    OSEventPendMulti                         0x0800476d   Thumb Code   710  os_core.o(.text)
    OS_TaskStatStkChk                        0x08004a33   Thumb Code    54  os_core.o(.text)
    OS_TaskStat                              0x08004a69   Thumb Code   116  os_core.o(.text)
    OS_TaskIdle                              0x08004b11   Thumb Code    34  os_core.o(.text)
    OS_MemClr                                0x08004b67   Thumb Code    18  os_core.o(.text)
    OSInit                                   0x08004c8d   Thumb Code    48  os_core.o(.text)
    OSIntEnter                               0x08004cbd   Thumb Code    28  os_core.o(.text)
    OSIntExit                                0x08004cd9   Thumb Code   112  os_core.o(.text)
    OSSchedLock                              0x08004d49   Thumb Code    50  os_core.o(.text)
    OSSchedUnlock                            0x08004d7b   Thumb Code   236  os_core.o(.text)
    OSStart                                  0x08004e67   Thumb Code    48  os_core.o(.text)
    OSStatInit                               0x08004e97   Thumb Code    62  os_core.o(.text)
    OSTimeTick                               0x08004ed5   Thumb Code   218  os_core.o(.text)
    OSVersion                                0x08004faf   Thumb Code     6  os_core.o(.text)
    OS_Dummy                                 0x08004fb5   Thumb Code     2  os_core.o(.text)
    OS_EventTaskRemove                       0x08004fb7   Thumb Code    42  os_core.o(.text)
    OS_EventTaskRdy                          0x08004fe1   Thumb Code   132  os_core.o(.text)
    OS_EventTaskWait                         0x08005065   Thumb Code   112  os_core.o(.text)
    OS_EventWaitListInit                     0x080050d5   Thumb Code    28  os_core.o(.text)
    OS_MemCopy                               0x080050f1   Thumb Code    20  os_core.o(.text)
    OS_TCBInit                               0x08005105   Thumb Code   296  os_core.o(.text)
    OSSemAccept                              0x08005271   Thumb Code    42  os_sem.o(.text)
    OSSemCreate                              0x0800529b   Thumb Code    72  os_sem.o(.text)
    OSSemDel                                 0x080052e3   Thumb Code   210  os_sem.o(.text)
    OSSemPend                                0x080053b5   Thumb Code   228  os_sem.o(.text)
    OSSemPendAbort                           0x08005499   Thumb Code   128  os_sem.o(.text)
    OSSemPost                                0x08005519   Thumb Code    88  os_sem.o(.text)
    OSSemQuery                               0x08005571   Thumb Code    76  os_sem.o(.text)
    OSSemSet                                 0x080055bd   Thumb Code    66  os_sem.o(.text)
    OSTaskChangePrio                         0x08005615   Thumb Code   396  os_task.o(.text)
    OSTaskCreate                             0x080057a1   Thumb Code   148  os_task.o(.text)
    OS_TaskStkClr                            0x08005835   Thumb Code    26  os_task.o(.text)
    OSTaskCreateExt                          0x0800584f   Thumb Code   170  os_task.o(.text)
    OSTaskDel                                0x080058f9   Thumb Code   352  os_task.o(.text)
    OSTaskDelReq                             0x08005a59   Thumb Code   100  os_task.o(.text)
    OSTaskNameGet                            0x08005abd   Thumb Code   114  os_task.o(.text)
    OSTaskNameSet                            0x08005b2f   Thumb Code    98  os_task.o(.text)
    OSTaskResume                             0x08005b91   Thumb Code   160  os_task.o(.text)
    OSTaskStkChk                             0x08005c31   Thumb Code   132  os_task.o(.text)
    OSTaskSuspend                            0x08005cb5   Thumb Code   152  os_task.o(.text)
    OSTaskQuery                              0x08005d4d   Thumb Code    82  os_task.o(.text)
    OSTaskRegGet                             0x08005d9f   Thumb Code    60  os_task.o(.text)
    OSTaskRegSet                             0x08005ddb   Thumb Code    62  os_task.o(.text)
    OS_TaskReturn                            0x08005e19   Thumb Code    18  os_task.o(.text)
    OSTimeDly                                0x08005e45   Thumb Code   100  os_time.o(.text)
    OSTimeDlyHMSM                            0x08005ea9   Thumb Code    86  os_time.o(.text)
    OSTimeDlyResume                          0x08005eff   Thumb Code   176  os_time.o(.text)
    OSTimeGet                                0x08005faf   Thumb Code    24  os_time.o(.text)
    OSTimeSet                                0x08005fc7   Thumb Code    24  os_time.o(.text)
    OS_CPU_SR_Save                           0x08005ffd   Thumb Code     0  os_cpu_a.o(.text)
    OS_CPU_SR_Restore                        0x08006005   Thumb Code     0  os_cpu_a.o(.text)
    OSStartHighRdy                           0x0800600b   Thumb Code     0  os_cpu_a.o(.text)
    OSCtxSw                                  0x0800602b   Thumb Code     0  os_cpu_a.o(.text)
    OSIntCtxSw                               0x08006035   Thumb Code     0  os_cpu_a.o(.text)
    PendSV_Handler                           0x0800603f   Thumb Code     0  os_cpu_a.o(.text)
    netapp_config_mac_adrress                0x080060a1   Thumb Code    12  netapp.o(.text)
    netapp_dhcp                              0x080060ad   Thumb Code   140  netapp.o(.text)
    netapp_timeout_values                    0x08006139   Thumb Code   152  netapp.o(.text)
    netapp_ping_send                         0x080061d1   Thumb Code    94  netapp.o(.text)
    netapp_ping_report                       0x0800622f   Thumb Code    34  netapp.o(.text)
    netapp_ping_stop                         0x08006251   Thumb Code    38  netapp.o(.text)
    netapp_ipconfig                          0x08006277   Thumb Code    32  netapp.o(.text)
    netapp_arp_flush                         0x08006297   Thumb Code    38  netapp.o(.text)
    netapp_set_debug_level                   0x080062bd   Thumb Code    54  netapp.o(.text)
    nvmem_read                               0x080062f9   Thumb Code    94  nvmem.o(.text)
    nvmem_write                              0x08006357   Thumb Code   106  nvmem.o(.text)
    nvmem_set_mac_address                    0x080063c1   Thumb Code    20  nvmem.o(.text)
    nvmem_get_mac_address                    0x080063d5   Thumb Code    20  nvmem.o(.text)
    nvmem_write_patch                        0x080063e9   Thumb Code    78  nvmem.o(.text)
    nvmem_read_sp_version                    0x08006437   Thumb Code    48  nvmem.o(.text)
    nvmem_create_entry                       0x08006467   Thumb Code    62  nvmem.o(.text)
    expandKey                                0x080064a9   Thumb Code   498  security.o(.text)
    galois_mul2                              0x0800669b   Thumb Code    22  security.o(.text)
    aes_encr                                 0x080066b1   Thumb Code  1204  security.o(.text)
    aes_decr                                 0x08006b65   Thumb Code  1536  security.o(.text)
    aes_encrypt                              0x08007165   Thumb Code    24  security.o(.text)
    aes_decrypt                              0x0800717d   Thumb Code    24  security.o(.text)
    aes_read_key                             0x08007195   Thumb Code    22  security.o(.text)
    aes_write_key                            0x080071ab   Thumb Code    22  security.o(.text)
    HostFlowControlConsumeBuff               0x080071c9   Thumb Code    72  socket.o(.text)
    socket                                   0x08007211   Thumb Code    98  socket.o(.text)
    closesocket                              0x08007273   Thumb Code    70  socket.o(.text)
    accept                                   0x080072b9   Thumb Code   118  socket.o(.text)
    bind                                     0x0800732f   Thumb Code   112  socket.o(.text)
    listen                                   0x0800739f   Thumb Code    74  socket.o(.text)
    gethostbyname                            0x080073e9   Thumb Code   128  socket.o(.text)
    connect                                  0x08007469   Thumb Code   112  socket.o(.text)
    select                                   0x080074d9   Thumb Code   264  socket.o(.text)
    setsockopt                               0x080075e1   Thumb Code   144  socket.o(.text)
    getsockopt                               0x08007671   Thumb Code   120  socket.o(.text)
    simple_link_recv                         0x080076e9   Thumb Code   116  socket.o(.text)
    recv                                     0x0800775d   Thumb Code    36  socket.o(.text)
    recvfrom                                 0x08007781   Thumb Code    42  socket.o(.text)
    simple_link_send                         0x080077ab   Thumb Code   268  socket.o(.text)
    send                                     0x080078b7   Thumb Code    34  socket.o(.text)
    sendto                                   0x080078d9   Thumb Code    40  socket.o(.text)
    mdnsAdvertiser                           0x08007901   Thumb Code   110  socket.o(.text)
    wlan_init                                0x080079a3   Thumb Code    60  wlan.o(.text)
    SpiReceiveHandler                        0x080079df   Thumb Code    20  wlan.o(.text)
    wlan_start                               0x080079f3   Thumb Code   136  wlan.o(.text)
    wlan_stop                                0x08007a7b   Thumb Code    40  wlan.o(.text)
    wlan_connect                             0x08007aa3   Thumb Code   232  wlan.o(.text)
    wlan_disconnect                          0x08007b8b   Thumb Code    42  wlan.o(.text)
    wlan_ioctl_set_connection_policy         0x08007bb5   Thumb Code    78  wlan.o(.text)
    wlan_add_profile                         0x08007c03   Thumb Code   618  wlan.o(.text)
    wlan_ioctl_del_profile                   0x08007e6d   Thumb Code    50  wlan.o(.text)
    wlan_ioctl_get_scan_results              0x08007e9f   Thumb Code    50  wlan.o(.text)
    wlan_ioctl_set_scan_params               0x08007ed1   Thumb Code   164  wlan.o(.text)
    wlan_set_event_mask                      0x08007f75   Thumb Code   102  wlan.o(.text)
    wlan_ioctl_statusget                     0x08007fdb   Thumb Code    34  wlan.o(.text)
    wlan_smart_config_start                  0x08007ffd   Thumb Code    56  wlan.o(.text)
    wlan_smart_config_stop                   0x08008035   Thumb Code    34  wlan.o(.text)
    wlan_smart_config_set_prefix             0x08008057   Thumb Code    72  wlan.o(.text)
    wlan_smart_config_process                0x0800809f   Thumb Code   268  wlan.o(.text)
    __error__                                0x080081b9   Thumb Code     2  cc3000_common.o(.text)
    UINT32_TO_STREAM_f                       0x080081bb   Thumb Code    24  cc3000_common.o(.text)
    UINT16_TO_STREAM_f                       0x080081d3   Thumb Code    12  cc3000_common.o(.text)
    STREAM_TO_UINT16_f                       0x080081df   Thumb Code    16  cc3000_common.o(.text)
    STREAM_TO_UINT32_f                       0x080081ef   Thumb Code    30  cc3000_common.o(.text)
    hci_unsol_handle_patch_request           0x0800820d   Thumb Code   188  evnt_handler.o(.text)
    set_socket_active_status                 0x080082c9   Thumb Code    44  evnt_handler.o(.text)
    hci_unsol_event_handler                  0x0800836b   Thumb Code   476  evnt_handler.o(.text)
    hci_event_handler                        0x08008547   Thumb Code   942  evnt_handler.o(.text)
    hci_unsolicited_event_handler            0x080088f5   Thumb Code    46  evnt_handler.o(.text)
    get_socket_active_status                 0x08008923   Thumb Code    34  evnt_handler.o(.text)
    SimpleLinkWaitEvent                      0x08008945   Thumb Code    22  evnt_handler.o(.text)
    SimpleLinkWaitData                       0x0800895b   Thumb Code    26  evnt_handler.o(.text)
    SpiCleanGPIOISR                          0x08008995   Thumb Code    10  cc3000spi.o(.text)
    SpiClose                                 0x0800899f   Thumb Code    22  cc3000spi.o(.text)
    SpiOpen                                  0x080089b5   Thumb Code    50  cc3000spi.o(.text)
    SpiCC3000DMAInit                         0x08008a39   Thumb Code   138  cc3000spi.o(.text)
    SpiDMARXReconfig                         0x08008ac3   Thumb Code    42  cc3000spi.o(.text)
    SpiDMATXReconfig                         0x08008aed   Thumb Code    48  cc3000spi.o(.text)
    init_spi                                 0x08008b85   Thumb Code   466  cc3000spi.o(.text)
    ReadWlanInterruptPin                     0x08008d57   Thumb Code    12  cc3000spi.o(.text)
    WlanInterruptEnable                      0x08008d63   Thumb Code    78  cc3000spi.o(.text)
    WlanInterruptDisable                     0x08008db1   Thumb Code    38  cc3000spi.o(.text)
    WriteWlanPin                             0x08008dd7   Thumb Code    48  cc3000spi.o(.text)
    SpiWriteDataSynchronous                  0x08008e07   Thumb Code    50  cc3000spi.o(.text)
    SpiFirstWrite                            0x08008e39   Thumb Code    90  cc3000spi.o(.text)
    SpiWrite                                 0x08008e93   Thumb Code   180  cc3000spi.o(.text)
    SpiReadDataSynchronous                   0x08008f47   Thumb Code    58  cc3000spi.o(.text)
    SpiReadHeader                            0x08008f81   Thumb Code    14  cc3000spi.o(.text)
    SpiReadDataCont                          0x08008f8f   Thumb Code    90  cc3000spi.o(.text)
    SpiPauseSpi                              0x08008fe9   Thumb Code     8  cc3000spi.o(.text)
    SpiResumeSpi                             0x08008ff1   Thumb Code     8  cc3000spi.o(.text)
    SpiTriggerRxProcessing                   0x08008ff9   Thumb Code    50  cc3000spi.o(.text)
    SSIContReadOperation                     0x0800902b   Thumb Code    14  cc3000spi.o(.text)
    EXTI1_IRQHandler                         0x08009039   Thumb Code   102  cc3000spi.o(.text)
    DMA1_Channel3_IRQHandler                 0x0800909f   Thumb Code    22  cc3000spi.o(.text)
    DMA1_Channel2_IRQHandler                 0x080090b5   Thumb Code    20  cc3000spi.o(.text)
    TXBufferIsEmpty                          0x080090c9   Thumb Code    20  cc3000spi.o(.text)
    RXBufferIsNotEmpty                       0x080090dd   Thumb Code    20  cc3000spi.o(.text)
    DMA_DeInit                               0x08009119   Thumb Code   324  stm32f10x_dma.o(.text)
    DMA_Init                                 0x0800925d   Thumb Code    60  stm32f10x_dma.o(.text)
    DMA_StructInit                           0x08009299   Thumb Code    26  stm32f10x_dma.o(.text)
    DMA_Cmd                                  0x080092b3   Thumb Code    24  stm32f10x_dma.o(.text)
    DMA_ITConfig                             0x080092cb   Thumb Code    18  stm32f10x_dma.o(.text)
    DMA_SetCurrDataCounter                   0x080092dd   Thumb Code     4  stm32f10x_dma.o(.text)
    DMA_GetCurrDataCounter                   0x080092e1   Thumb Code     8  stm32f10x_dma.o(.text)
    DMA_GetFlagStatus                        0x080092e9   Thumb Code    38  stm32f10x_dma.o(.text)
    DMA_ClearFlag                            0x0800930f   Thumb Code    22  stm32f10x_dma.o(.text)
    DMA_GetITStatus                          0x08009325   Thumb Code    38  stm32f10x_dma.o(.text)
    DMA_ClearITPendingBit                    0x0800934b   Thumb Code    22  stm32f10x_dma.o(.text)
    OSFlagAccept                             0x08009369   Thumb Code   252  os_flag.o(.text)
    OSFlagCreate                             0x08009465   Thumb Code    86  os_flag.o(.text)
    OS_FlagUnlink                            0x080094bb   Thumb Code    36  os_flag.o(.text)
    OSFlagDel                                0x0800953f   Thumb Code   214  os_flag.o(.text)
    OSFlagNameGet                            0x08009615   Thumb Code    80  os_flag.o(.text)
    OSFlagNameSet                            0x08009665   Thumb Code    66  os_flag.o(.text)
    OSFlagPend                               0x0800973f   Thumb Code   614  os_flag.o(.text)
    OSFlagPendGetFlagsRdy                    0x080099a5   Thumb Code    26  os_flag.o(.text)
    OSFlagPost                               0x080099bf   Thumb Code   312  os_flag.o(.text)
    OSFlagQuery                              0x08009af7   Thumb Code    48  os_flag.o(.text)
    OS_FlagInit                              0x08009b27   Thumb Code    78  os_flag.o(.text)
    OSMemCreate                              0x08009b81   Thumb Code   118  os_mem.o(.text)
    OSMemGet                                 0x08009bf7   Thumb Code    62  os_mem.o(.text)
    OSMemNameGet                             0x08009c35   Thumb Code    60  os_mem.o(.text)
    OSMemNameSet                             0x08009c71   Thumb Code    48  os_mem.o(.text)
    OSMemPut                                 0x08009ca1   Thumb Code    54  os_mem.o(.text)
    OSMemQuery                               0x08009cd7   Thumb Code    52  os_mem.o(.text)
    OS_MemInit                               0x08009d0b   Thumb Code    74  os_mem.o(.text)
    OSQAccept                                0x08009d65   Thumb Code    88  os_q.o(.text)
    OSQCreate                                0x08009dbd   Thumb Code   144  os_q.o(.text)
    OSQDel                                   0x08009e4d   Thumb Code   244  os_q.o(.text)
    OSQFlush                                 0x08009f41   Thumb Code    36  os_q.o(.text)
    OSQPend                                  0x08009f65   Thumb Code   278  os_q.o(.text)
    OSQPendAbort                             0x0800a07b   Thumb Code   128  os_q.o(.text)
    OSQPost                                  0x0800a0fb   Thumb Code   114  os_q.o(.text)
    OSQPostFront                             0x0800a16d   Thumb Code   142  os_q.o(.text)
    OSQPostOpt                               0x0800a1fb   Thumb Code   182  os_q.o(.text)
    OSQQuery                                 0x0800a2b1   Thumb Code    98  os_q.o(.text)
    OS_QInit                                 0x0800a313   Thumb Code    72  os_q.o(.text)
    OSInitHookBegin                          0x0800a365   Thumb Code     2  os_cpu_c.o(.text)
    OSInitHookEnd                            0x0800a367   Thumb Code     2  os_cpu_c.o(.text)
    OSTaskCreateHook                         0x0800a369   Thumb Code     2  os_cpu_c.o(.text)
    OSTaskDelHook                            0x0800a36b   Thumb Code     2  os_cpu_c.o(.text)
    OSTaskIdleHook                           0x0800a36d   Thumb Code     2  os_cpu_c.o(.text)
    OSTaskStatHook                           0x0800a36f   Thumb Code     2  os_cpu_c.o(.text)
    OSTaskStkInit                            0x0800a371   Thumb Code   154  os_cpu_c.o(.text)
    OSTaskSwHook                             0x0800a40b   Thumb Code     2  os_cpu_c.o(.text)
    OSTCBInitHook                            0x0800a40d   Thumb Code     2  os_cpu_c.o(.text)
    OSTimeTickHook                           0x0800a40f   Thumb Code     2  os_cpu_c.o(.text)
    OSTaskReturnHook                         0x0800a411   Thumb Code     2  os_cpu_c.o(.text)
    OS_CPU_SysTickHandler                    0x0800a413   Thumb Code    34  os_cpu_c.o(.text)
    OS_CPU_SysTickInit                       0x0800a435   Thumb Code    42  os_cpu_c.o(.text)
    hci_command_send                         0x0800a465   Thumb Code    46  hci.o(.text)
    hci_data_send                            0x0800a493   Thumb Code    66  hci.o(.text)
    hci_data_command_send                    0x0800a4d5   Thumb Code    56  hci.o(.text)
    hci_patch_send                           0x0800a50d   Thumb Code   216  hci.o(.text)
    __rt_ctype_table                         0x0800a5e5   Thumb Code     4  ctype_o.o(.text)
    __aeabi_memcpy                           0x0800a5ed   Thumb Code    36  memcpya.o(.text)
    __aeabi_memcpy4                          0x0800a5ed   Thumb Code     0  memcpya.o(.text)
    __aeabi_memcpy8                          0x0800a5ed   Thumb Code     0  memcpya.o(.text)
    strlen                                   0x0800a611   Thumb Code    14  strlen.o(.text)
    __scatterload                            0x0800a621   Thumb Code    28  init.o(.text)
    __scatterload_rt2                        0x0800a621   Thumb Code     0  init.o(.text)
    __decompress                             0x0800a645   Thumb Code     0  __dczerorl2.o(.text)
    __decompress1                            0x0800a645   Thumb Code    92  __dczerorl2.o(.text)
    __aeabi_errno_addr                       0x0800a6a1   Thumb Code     4  errno.o(i.__aeabi_errno_addr)
    __rt_errno_addr                          0x0800a6a1   Thumb Code     0  errno.o(i.__aeabi_errno_addr)
    __scatterload_copy                       0x0800a6a9   Thumb Code    14  handlers.o(i.__scatterload_copy)
    __scatterload_null                       0x0800a6b7   Thumb Code     2  handlers.o(i.__scatterload_null)
    __scatterload_zeroinit                   0x0800a6b9   Thumb Code    14  handlers.o(i.__scatterload_zeroinit)
    smartconfigkey                           0x0800a6c6   Data          16  wifi_application.o(.constdata)
    CurrentSpeedCode                         0x0800a6d6   Data          15  lcddisplay.o(.constdata)
    TotalDripCode                            0x0800a6e5   Data          12  lcddisplay.o(.constdata)
    TerminalPowerPrecentCode                 0x0800a6f1   Data          15  lcddisplay.o(.constdata)
    WorkingStatusCode                        0x0800a700   Data          16  lcddisplay.o(.constdata)
    WiFiStatusCode                           0x0800a710   Data          14  lcddisplay.o(.constdata)
    Font_0                                   0x0800a720   Data          22  uc1701x.o(.constdata)
    Font_1                                   0x0800a736   Data          16  uc1701x.o(.constdata)
    Font_2                                   0x0800a746   Data          22  uc1701x.o(.constdata)
    Font_3                                   0x0800a75c   Data          22  uc1701x.o(.constdata)
    Font_4                                   0x0800a772   Data          24  uc1701x.o(.constdata)
    Font_5                                   0x0800a78a   Data          22  uc1701x.o(.constdata)
    Font_6                                   0x0800a7a0   Data          22  uc1701x.o(.constdata)
    Font_7                                   0x0800a7b6   Data          22  uc1701x.o(.constdata)
    Font_8                                   0x0800a7cc   Data          22  uc1701x.o(.constdata)
    Font_9                                   0x0800a7e2   Data          22  uc1701x.o(.constdata)
    Font_a                                   0x0800a7f8   Data          18  uc1701x.o(.constdata)
    Font_b                                   0x0800a80a   Data          20  uc1701x.o(.constdata)
    Font_c                                   0x0800a81e   Data          16  uc1701x.o(.constdata)
    Font_d                                   0x0800a82e   Data          18  uc1701x.o(.constdata)
    Font_e                                   0x0800a840   Data          16  uc1701x.o(.constdata)
    Font_f                                   0x0800a850   Data          14  uc1701x.o(.constdata)
    Font_g                                   0x0800a85e   Data          18  uc1701x.o(.constdata)
    Font_h                                   0x0800a870   Data          20  uc1701x.o(.constdata)
    Font_i                                   0x0800a884   Data          14  uc1701x.o(.constdata)
    Font_j                                   0x0800a892   Data          12  uc1701x.o(.constdata)
    Font_k                                   0x0800a89e   Data          20  uc1701x.o(.constdata)
    Font_l                                   0x0800a8b2   Data          10  uc1701x.o(.constdata)
    Font_m                                   0x0800a8bc   Data          30  uc1701x.o(.constdata)
    Font_n                                   0x0800a8da   Data          20  uc1701x.o(.constdata)
    Font_o                                   0x0800a8ee   Data          18  uc1701x.o(.constdata)
    Font_p                                   0x0800a900   Data          20  uc1701x.o(.constdata)
    Font_q                                   0x0800a914   Data          18  uc1701x.o(.constdata)
    Font_r                                   0x0800a926   Data          18  uc1701x.o(.constdata)
    Font_s                                   0x0800a938   Data          14  uc1701x.o(.constdata)
    Font_t                                   0x0800a946   Data          14  uc1701x.o(.constdata)
    Font_u                                   0x0800a954   Data          20  uc1701x.o(.constdata)
    Font_v                                   0x0800a968   Data          20  uc1701x.o(.constdata)
    Font_w                                   0x0800a97c   Data          28  uc1701x.o(.constdata)
    Font_x                                   0x0800a998   Data          18  uc1701x.o(.constdata)
    Font_y                                   0x0800a9aa   Data          18  uc1701x.o(.constdata)
    Font_z                                   0x0800a9bc   Data          18  uc1701x.o(.constdata)
    Bmp001                                   0x0800a9ce   Data          14  uc1701x.o(.constdata)
    Font_Size                                0x0800a9dc   Data         123  uc1701x.o(.constdata)
    Font_NULL                                0x0800aa57   Data          20  uc1701x.o(.constdata)
    Font_Points                              0x0800aa6c   Data         492  uc1701x.o(.constdata)
    rfSettings                               0x0800ac58   Data          35  cc1101.o(.constdata)
    OSUnMapTbl                               0x0800ac7b   Data         256  os_core.o(.constdata)
    sbox                                     0x0800ad7b   Data         256  security.o(.constdata)
    rsbox                                    0x0800ae7b   Data         256  security.o(.constdata)
    Rcon                                     0x0800af7b   Data          11  security.o(.constdata)
    __ctype_table                            0x0800af86   Data         129  ctype_o.o(.constdata)
    Region$$Table$$Base                      0x0800b00c   Number         0  anon$$obj.o(Region$$Table)
    Region$$Table$$Limit                     0x0800b02c   Number         0  anon$$obj.o(Region$$Table)
    SystemCoreClock                          0x20000000   Data           4  system_stm32f10x.o(.data)
    AHBPrescTable                            0x20000004   Data          16  system_stm32f10x.o(.data)
    DataDisplayRefreshFlag                   0x20000014   Data           1  app.o(.data)
    CC1101Rec_Semp                           0x20000020   Data           4  app.o(.data)
    err                                      0x20000024   Data           1  app.o(.data)
    WiFi_Status                              0x20000025   Data           1  app.o(.data)
    DisplayStatus                            0x20000026   Data           1  app.o(.data)
    Server_Port                              0x20000028   Data           2  wifi_application.o(.data)
    TCP_Mode                                 0x2000002a   Data           1  wifi_application.o(.data)
    Relay_Cty_Flag                           0x2000002c   Data           2  wifi_application.o(.data)
    ulWifiEvent                              0x2000002e   Data           1  wifi_application.o(.data)
    ulCC3000Resetflags                       0x2000002f   Data           1  wifi_application.o(.data)
    Rxlen                                    0x20000030   Data           2  wifi_application.o(.data)
    aucCC3000_prefix                         0x20000032   Data           3  wifi_application.o(.data)
    device_name                              0x20000035   Data           7  wifi_application.o(.data)
    WIFIRxLen                                0x2000003c   Data           2  wifi_application.o(.data)
    WIFITxLen                                0x2000003e   Data           2  wifi_application.o(.data)
    SysEvent                                 0x20000040   Data           1  wifi_application.o(.data)
    Heart_Beat_Flag                          0x20000042   Data           1  wifi_application.o(.data)
    Deviceipaddr                             0x20000044   Data           4  wifi_application.o(.data)
    Connectedipaddr                          0x20000048   Data           4  wifi_application.o(.data)
    ulSmartConfigFinished                    0x2000004c   Data           4  wifi_application.o(.data)
    ulCC3000Connected                        0x20000050   Data           4  wifi_application.o(.data)
    ulCC3000DHCP                             0x20000054   Data           4  wifi_application.o(.data)
    OkToDoShutDown                           0x20000058   Data           4  wifi_application.o(.data)
    ulCC3000DHCP_configured                  0x2000005c   Data           4  wifi_application.o(.data)
    ucStopSmartConfig                        0x20000060   Data           1  wifi_application.o(.data)
    ulSocket                                 0x20000064   Data           4  wifi_application.o(.data)
    ulTcpSocket                              0x20000068   Data           4  wifi_application.o(.data)
    DeviceMac_Addr                           0x2000006c   Data           6  wifi_application.o(.data)
    MsgBegin                                 0x20000074   Data           4  dataprocess.o(.data)
    ModelAddress                             0x20000078   Data           4  dataprocess.o(.data)
    SequenceId                               0x2000007c   Data           4  dataprocess.o(.data)
    Terminal_ID                              0x20000080   Data           6  dataprocess.o(.data)
    CurrentSpeed                             0x20000086   Data           1  dataprocess.o(.data)
    TotalDrip                                0x20000088   Data           4  dataprocess.o(.data)
    TerminalPowerPrecent                     0x2000008c   Data           1  dataprocess.o(.data)
    WorkingStatus                            0x2000008d   Data           1  dataprocess.o(.data)
    LoginStatus                              0x2000008e   Data           1  dataprocess.o(.data)
    LogoutStatus                             0x2000008f   Data           1  dataprocess.o(.data)
    HeartBeatStatus                          0x20000090   Data           1  dataprocess.o(.data)
    MsgLength                                0x20000094   Data           4  dataprocess.o(.data)
    CommandId                                0x20000098   Data           1  dataprocess.o(.data)
    MsgStatus                                0x20000099   Data           1  dataprocess.o(.data)
    LastTimeDelay                            0x2000009a   Data           1  dataprocess.o(.data)
    PackageLoseNum                           0x2000009b   Data           1  dataprocess.o(.data)
    ProtocolVersion                          0x2000009c   Data           2  dataprocess.o(.data)
    HardwareVersion                          0x2000009e   Data           2  dataprocess.o(.data)
    CC1101DataRecFlag                        0x200000a0   Data           1  dataprocess.o(.data)
    delayCount                               0x200000b0   Data           4  bsp.o(.data)
    Key_event_Flag                           0x200000b4   Data           1  bsp.o(.data)
    Key_event_timeout                        0x200000b6   Data           2  bsp.o(.data)
    Relay_Flag                               0x200000b8   Data           2  bsp.o(.data)
    BmpCode                                  0x200000bd   Data         720  uc1701x.o(.data)
    PaTabel                                  0x2000038d   Data           8  cc1101.o(.data)
    OSCtxSwCtr                               0x200003ac   Data           4  os_core.o(.data)
    OSEventFreeList                          0x200003b0   Data           4  os_core.o(.data)
    OSFlagFreeList                           0x200003b4   Data           4  os_core.o(.data)
    OSCPUUsage                               0x200003b8   Data           1  os_core.o(.data)
    OSIdleCtrMax                             0x200003bc   Data           4  os_core.o(.data)
    OSIdleCtrRun                             0x200003c0   Data           4  os_core.o(.data)
    OSStatRdy                                0x200003c4   Data           1  os_core.o(.data)
    OSIntNesting                             0x200003c5   Data           1  os_core.o(.data)
    OSLockNesting                            0x200003c6   Data           1  os_core.o(.data)
    OSPrioCur                                0x200003c7   Data           1  os_core.o(.data)
    OSPrioHighRdy                            0x200003c8   Data           1  os_core.o(.data)
    OSRdyGrp                                 0x200003c9   Data           1  os_core.o(.data)
    OSRdyTbl                                 0x200003ca   Data           8  os_core.o(.data)
    OSRunning                                0x200003d2   Data           1  os_core.o(.data)
    OSTaskCtr                                0x200003d3   Data           1  os_core.o(.data)
    OSIdleCtr                                0x200003d4   Data           4  os_core.o(.data)
    OSTCBCur                                 0x200003d8   Data           4  os_core.o(.data)
    OSTCBFreeList                            0x200003dc   Data           4  os_core.o(.data)
    OSTCBHighRdy                             0x200003e0   Data           4  os_core.o(.data)
    OSTCBList                                0x200003e4   Data           4  os_core.o(.data)
    OSTickStepState                          0x200003e8   Data           1  os_core.o(.data)
    OSMemFreeList                            0x200003ec   Data           4  os_core.o(.data)
    OSQFreeList                              0x200003f0   Data           4  os_core.o(.data)
    OSTime                                   0x200003f4   Data           4  os_core.o(.data)
    socket_active_status                     0x200003f8   Data           4  evnt_handler.o(.data)
    tSpiReadHeader                           0x200003fc   Data           5  cc3000spi.o(.data)
    GstkStart                                0x20000408   Data         400  app.o(.bss)
    WLANTaskStk                              0x20000598   Data         400  app.o(.bss)
    CC1101TaskStk                            0x20000728   Data         400  app.o(.bss)
    UartTaskStk                              0x200008b8   Data         400  app.o(.bss)
    FlashTaskStk                             0x20000a48   Data         400  app.o(.bss)
    LCDTaskStk                               0x20000bd8   Data         400  app.o(.bss)
    EventTimeOut                             0x20000d68   Data          32  wifi_application.o(.bss)
    Ipconfig                                 0x20000d88   Data          58  wifi_application.o(.bss)
    result_ssid                              0x20000dc2   Data          32  wifi_application.o(.bss)
    WIFIRxBuf                                0x20000de2   Data        1024  wifi_application.o(.bss)
    WIFITxBuf                                0x200011e2   Data        1024  wifi_application.o(.bss)
    pucCC3000_Rx_Buffer                      0x200015e2   Data          52  wifi_application.o(.bss)
    TxBuffer                                 0x20001616   Data          64  dataprocess.o(.bss)
    CC1101RxBuf                              0x20001656   Data          64  dataprocess.o(.bss)
    CC3000RxBuf                              0x20001696   Data          64  dataprocess.o(.bss)
    OSEventTbl                               0x200016d8   Data         240  os_core.o(.bss)
    OSFlagTbl                                0x200017c8   Data          80  os_core.o(.bss)
    OSTaskStatStk                            0x20001818   Data         512  os_core.o(.bss)
    OSTaskIdleStk                            0x20001a18   Data         512  os_core.o(.bss)
    OSTCBPrioTbl                             0x20001c18   Data         256  os_core.o(.bss)
    OSTCBTbl                                 0x20001d18   Data        1936  os_core.o(.bss)
    OSMemTbl                                 0x200024a8   Data         120  os_core.o(.bss)
    OSQTbl                                   0x20002520   Data          96  os_core.o(.bss)
    expandedKey                              0x20002580   Data         176  security.o(.bss)
    tSLInformation                           0x20002630   Data          68  wlan.o(.bss)
    key                                      0x20002674   Data          16  wlan.o(.bss)
    profileArray                             0x20002684   Data          67  wlan.o(.bss)
    sSpiInformation                          0x200026c8   Data          20  cc3000spi.o(.bss)
    wlan_rx_buffer                           0x200026dc   Data         131  cc3000spi.o(.bss)
    wlan_tx_buffer                           0x2000275f   Data         131  cc3000spi.o(.bss)
    __initial_sp                             0x20002be8   Data           0  startup_stm32f10x_md.o(STACK)



==============================================================================

Memory Map of the image

  Image Entry point : 0x080000ed

  Load Region LR_IROM1 (Base: 0x08000000, Size: 0x0000b434, Max: 0x00010000, ABSOLUTE, COMPRESSED[0x0000b1dc])

    Execution Region ER_IROM1 (Base: 0x08000000, Size: 0x0000b02c, Max: 0x00010000, ABSOLUTE)

    Base Addr    Size         Type   Attr      Idx    E Section Name        Object

    0x08000000   0x000000ec   Data   RO          116    RESET               startup_stm32f10x_md.o
    0x080000ec   0x00000000   Code   RO         1092  * .ARM.Collect$$$$00000000  mc_w.l(entry.o)
    0x080000ec   0x00000004   Code   RO         1136    .ARM.Collect$$$$00000001  mc_w.l(entry2.o)
    0x080000f0   0x00000004   Code   RO         1139    .ARM.Collect$$$$00000004  mc_w.l(entry5.o)
    0x080000f4   0x00000000   Code   RO         1141    .ARM.Collect$$$$00000008  mc_w.l(entry7b.o)
    0x080000f4   0x00000000   Code   RO         1143    .ARM.Collect$$$$0000000A  mc_w.l(entry8b.o)
    0x080000f4   0x00000008   Code   RO         1144    .ARM.Collect$$$$0000000B  mc_w.l(entry9a.o)
    0x080000fc   0x00000000   Code   RO         1146    .ARM.Collect$$$$0000000D  mc_w.l(entry10a.o)
    0x080000fc   0x00000000   Code   RO         1148    .ARM.Collect$$$$0000000F  mc_w.l(entry11a.o)
    0x080000fc   0x00000004   Code   RO         1137    .ARM.Collect$$$$00002712  mc_w.l(entry2.o)
    0x08000100   0x000001dc   Code   RO           17    .text               system_stm32f10x.o
    0x080002dc   0x00000024   Code   RO          117    .text               startup_stm32f10x_md.o
    0x08000300   0x00000016   Code   RO          121    .text               stm32f10x_it.o
    0x08000316   0x00000002   PAD
    0x08000318   0x000001f4   Code   RO          153    .text               app.o
    0x0800050c   0x00000c1c   Code   RO          288    .text               wifi_application.o
    0x08001128   0x00000314   Code   RO          341    .text               dataprocess.o
    0x0800143c   0x000004b8   Code   RO          358    .text               lcddisplay.o
    0x080018f4   0x000002dc   Code   RO          375    .text               bsp.o
    0x08001bd0   0x00000524   Code   RO          394    .text               spi_flash.o
    0x080020f4   0x0000036c   Code   RO          406    .text               uc1701x.o
    0x08002460   0x000006f0   Code   RO          424    .text               cc1101.o
    0x08002b50   0x000000dc   Code   RO          443    .text               STM32_Lib.lib(misc.o)
    0x08002c2c   0x0000011c   Code   RO          552    .text               STM32_Lib.lib(stm32f10x_exti.o)
    0x08002d48   0x00000358   Code   RO          572    .text               STM32_Lib.lib(stm32f10x_gpio.o)
    0x080030a0   0x000003a4   Code   RO          592    .text               STM32_Lib.lib(stm32f10x_rcc.o)
    0x08003444   0x0000030c   Code   RO          614    .text               STM32_Lib.lib(stm32f10x_spi.o)
    0x08003750   0x00000e1a   Code   RO          634    .text               STM32_Lib.lib(stm32f10x_tim.o)
    0x0800456a   0x00000002   PAD
    0x0800456c   0x00000d04   Code   RO          652    .text               COSII_Lib.lib(os_core.o)
    0x08005270   0x000003a4   Code   RO          681    .text               COSII_Lib.lib(os_sem.o)
    0x08005614   0x00000830   Code   RO          697    .text               COSII_Lib.lib(os_task.o)
    0x08005e44   0x000001b8   Code   RO          709    .text               COSII_Lib.lib(os_time.o)
    0x08005ffc   0x000000a4   Code   RO          721    .text               COSII_Lib.lib(os_cpu_a.o)
    0x080060a0   0x00000258   Code   RO          724    .text               CC3000_Lib.lib(netapp.o)
    0x080062f8   0x000001b0   Code   RO          762    .text               CC3000_Lib.lib(nvmem.o)
    0x080064a8   0x00000d20   Code   RO          778    .text               CC3000_Lib.lib(security.o)
    0x080071c8   0x000007ac   Code   RO          800    .text               CC3000_Lib.lib(socket.o)
    0x08007974   0x00000844   Code   RO          814    .text               CC3000_Lib.lib(wlan.o)
    0x080081b8   0x00000054   Code   RO          921    .text               CC3000_Lib.lib(cc3000_common.o)
    0x0800820c   0x00000770   Code   RO          935    .text               CC3000_Lib.lib(evnt_handler.o)
    0x0800897c   0x0000079c   Code   RO          968    .text               CC3000_Lib.lib(cc3000spi.o)
    0x08009118   0x00000250   Code   RO          999    .text               STM32_Lib.lib(stm32f10x_dma.o)
    0x08009368   0x00000818   Code   RO         1017    .text               COSII_Lib.lib(os_flag.o)
    0x08009b80   0x000001e4   Code   RO         1029    .text               COSII_Lib.lib(os_mem.o)
    0x08009d64   0x00000600   Code   RO         1041    .text               COSII_Lib.lib(os_q.o)
    0x0800a364   0x00000100   Code   RO         1053    .text               COSII_Lib.lib(os_cpu_c.o)
    0x0800a464   0x00000180   Code   RO         1074    .text               CC3000_Lib.lib(hci.o)
    0x0800a5e4   0x00000008   Code   RO         1095    .text               mc_w.l(ctype_o.o)
    0x0800a5ec   0x00000024   Code   RO         1123    .text               mc_w.l(memcpya.o)
    0x0800a610   0x0000000e   Code   RO         1125    .text               mc_w.l(strlen.o)
    0x0800a61e   0x00000002   PAD
    0x0800a620   0x00000024   Code   RO         1150    .text               mc_w.l(init.o)
    0x0800a644   0x0000005c   Code   RO         1160    .text               mc_w.l(__dczerorl2.o)
    0x0800a6a0   0x00000008   Code   RO         1129    i.__aeabi_errno_addr  mc_w.l(errno.o)
    0x0800a6a8   0x0000000e   Code   RO         1154    i.__scatterload_copy  mc_w.l(handlers.o)
    0x0800a6b6   0x00000002   Code   RO         1155    i.__scatterload_null  mc_w.l(handlers.o)
    0x0800a6b8   0x0000000e   Code   RO         1156    i.__scatterload_zeroinit  mc_w.l(handlers.o)
    0x0800a6c6   0x00000010   Data   RO          290    .constdata          wifi_application.o
    0x0800a6d6   0x00000048   Data   RO          359    .constdata          lcddisplay.o
    0x0800a71e   0x00000002   PAD
    0x0800a720   0x00000538   Data   RO          407    .constdata          uc1701x.o
    0x0800ac58   0x00000023   Data   RO          425    .constdata          cc1101.o
    0x0800ac7b   0x00000100   Data   RO          654    .constdata          COSII_Lib.lib(os_core.o)
    0x0800ad7b   0x0000020b   Data   RO          780    .constdata          CC3000_Lib.lib(security.o)
    0x0800af86   0x00000081   Data   RO         1096    .constdata          mc_w.l(ctype_o.o)
    0x0800b007   0x00000001   PAD
    0x0800b008   0x00000004   Data   RO         1097    .constdata          mc_w.l(ctype_o.o)
    0x0800b00c   0x00000020   Data   RO         1152    Region$$Table       anon$$obj.o


    Execution Region RW_IRAM1 (Base: 0x20000000, Size: 0x00002be8, Max: 0x00005000, ABSOLUTE, COMPRESSED[0x000001b0])

    Base Addr    Size         Type   Attr      Idx    E Section Name        Object

    0x20000000   0x00000014   Data   RW           18    .data               system_stm32f10x.o
    0x20000014   0x00000013   Data   RW          155    .data               app.o
    0x20000027   0x00000001   PAD
    0x20000028   0x0000004a   Data   RW          291    .data               wifi_application.o
    0x20000072   0x00000002   PAD
    0x20000074   0x0000002d   Data   RW          343    .data               dataprocess.o
    0x200000a1   0x00000003   PAD
    0x200000a4   0x0000000b   Data   RW          360    .data               lcddisplay.o
    0x200000af   0x00000001   PAD
    0x200000b0   0x0000000d   Data   RW          376    .data               bsp.o
    0x200000bd   0x000002d0   Data   RW          408    .data               uc1701x.o
    0x2000038d   0x00000008   Data   RW          426    .data               cc1101.o
    0x20000395   0x00000014   Data   RW          593    .data               STM32_Lib.lib(stm32f10x_rcc.o)
    0x200003a9   0x00000003   PAD
    0x200003ac   0x0000004c   Data   RW          655    .data               COSII_Lib.lib(os_core.o)
    0x200003f8   0x00000004   Data   RW          936    .data               CC3000_Lib.lib(evnt_handler.o)
    0x200003fc   0x00000005   Data   RW          970    .data               CC3000_Lib.lib(cc3000spi.o)
    0x20000401   0x00000003   PAD
    0x20000404   0x00000004   Data   RW         1132    .data               mc_w.l(errno.o)
    0x20000408   0x00000960   Zero   RW          154    .bss                app.o
    0x20000d68   0x000008ae   Zero   RW          289    .bss                wifi_application.o
    0x20001616   0x000000c0   Zero   RW          342    .bss                dataprocess.o
    0x200016d6   0x00000002   PAD
    0x200016d8   0x00000ea8   Zero   RW          653    .bss                COSII_Lib.lib(os_core.o)
    0x20002580   0x000000b0   Zero   RW          779    .bss                CC3000_Lib.lib(security.o)
    0x20002630   0x00000097   Zero   RW          815    .bss                CC3000_Lib.lib(wlan.o)
    0x200026c7   0x00000001   PAD
    0x200026c8   0x0000011a   Zero   RW          969    .bss                CC3000_Lib.lib(cc3000spi.o)
    0x200027e2   0x00000006   PAD
    0x200027e8   0x00000400   Zero   RW          114    STACK               startup_stm32f10x_md.o


==============================================================================

Image component sizes


      Code (inc. data)   RO Data    RW Data    ZI Data      Debug   Object Name

       500         78          0         19       2400     261133   app.o
       732         46          0         13          0      18192   bsp.o
      1776         42         35          8          0       5941   cc1101.o
         0          0          0          0          0       4244   core_cm3.o
       788         78          0         45        192       3765   dataprocess.o
      1208        248         72         11          0       4114   lcddisplay.o
      1316         24          0          0          0       5228   spi_flash.o
        36          8        236          0       1024        776   startup_stm32f10x_md.o
        22          0          0          0          0        971   stm32f10x_it.o
       476         36          0         20          0       1691   system_stm32f10x.o
       876         22       1336        720          0       5663   uc1701x.o
      3100        244         16         74       2222      14566   wifi_application.o

    ----------------------------------------------------------------------
     10832        826       1729        917       5840     326284   Object Totals
         0          0         32          0          0          0   (incl. Generated)
         2          0          2          7          2          0   (incl. Padding)

    ----------------------------------------------------------------------

      Code (inc. data)   RO Data    RW Data    ZI Data      Debug   Library Member Name

        84          0          0          0          0       1388   cc3000_common.o
      1948         80          0          5        282      30903   cc3000spi.o
      1904         48          0          4          0       5177   evnt_handler.o
       384          0          0          0          0       1858   hci.o
       600          6          0          0          0      10547   netapp.o
       432          4          0          0          0       2452   nvmem.o
      3360         24        523          0        176       3979   security.o
      1964         10          0          0          0       9053   socket.o
      2116         26          0          0        151      60789   wlan.o
      3332        274        256         76       3752      18391   os_core.o
       164         32          0          0          0        260   os_cpu_a.o
       256          6          0          0          0      11270   os_cpu_c.o
      2072         40          0          0          0       6644   os_flag.o
       484         16          0          0          0       2972   os_mem.o
      1536         36          0          0          0       5389   os_q.o
       932         22          0          0          0      11549   os_sem.o
      2096         70          0          0          0       7441   os_task.o
       440         30          0          0          0       1710   os_time.o
       220         20          0          0          0     261041   misc.o
       592          8          0          0          0       4166   stm32f10x_dma.o
       284         10          0          0          0       2075   stm32f10x_exti.o
       856         40          0          0          0       5485   stm32f10x_gpio.o
       932         44          0         20          0       8604   stm32f10x_rcc.o
       780         14          0          0          0       6366   stm32f10x_spi.o
      3610         88          0          0          0      21972   stm32f10x_tim.o
        92          0          0          0          0          0   __dczerorl2.o
         8          4        133          0          0         68   ctype_o.o
         0          0          0          0          0          0   entry.o
         0          0          0          0          0          0   entry10a.o
         0          0          0          0          0          0   entry11a.o
         8          4          0          0          0          0   entry2.o
         4          0          0          0          0          0   entry5.o
         0          0          0          0          0          0   entry7b.o
         0          0          0          0          0          0   entry8b.o
         8          4          0          0          0          0   entry9a.o
         8          4          0          4          0         68   errno.o
        30          0          0          0          0          0   handlers.o
        36          8          0          0          0         68   init.o
        36          0          0          0          0         68   memcpya.o
        14          0          0          0          0         68   strlen.o

    ----------------------------------------------------------------------
     31626        972        913        115       4368     501821   Library Totals
         4          0          1          6          7          0   (incl. Padding)

    ----------------------------------------------------------------------

      Code (inc. data)   RO Data    RW Data    ZI Data      Debug   Library Name

     12792        198        523          9        609     126146   CC3000_Lib.lib
     11312        526        256         76       3752      65626   COSII_Lib.lib
      7274        224          0         20          0     309709   STM32_Lib.lib
       244         24        133          4          0        340   mc_w.l

    ----------------------------------------------------------------------
     31626        972        913        115       4368     501821   Library Totals

    ----------------------------------------------------------------------

==============================================================================


      Code (inc. data)   RO Data    RW Data    ZI Data      Debug   

     42458       1798       2642       1032      10208     824881   Grand Totals
     42458       1798       2642        432      10208     824881   ELF Image Totals (compressed)
     42458       1798       2642        432          0          0   ROM Totals

==============================================================================

    Total RO  Size (Code + RO Data)                45100 (  44.04kB)
    Total RW  Size (RW Data + ZI Data)             11240 (  10.98kB)
    Total ROM Size (Code + RO Data + RW Data)      45532 (  44.46kB)

==============================================================================

