ARM Linker, 5.03 [Build 76] [MDK-ARM Standard]

==============================================================================

Section Cross References

    system_stm32f10x.o(.text) refers to system_stm32f10x.o(.data) for SystemCoreClock
    startup_stm32f10x_md.o(RESET) refers to startup_stm32f10x_md.o(STACK) for __initial_sp
    startup_stm32f10x_md.o(RESET) refers to startup_stm32f10x_md.o(.text) for Reset_Handler
    startup_stm32f10x_md.o(RESET) refers to stm32f10x_it.o(.text) for NMI_Handler
    startup_stm32f10x_md.o(RESET) refers to os_cpu_a.o(.text) for PendSV_Handler
    startup_stm32f10x_md.o(RESET) refers to bsp.o(.text) for SysTick_Handler
    startup_stm32f10x_md.o(RESET) refers to cc3000spi.o(.text) for EXTI1_IRQHandler
    startup_stm32f10x_md.o(RESET) refers to cc1101.o(.text) for EXTI9_5_IRQHandler
    startup_stm32f10x_md.o(.text) refers to system_stm32f10x.o(.text) for SystemInit
    startup_stm32f10x_md.o(.text) refers to entry.o(.ARM.Collect$$$$00000000) for __main
    app.o(.text) refers to uc1701x.o(.text) for Initial_Lcd
    app.o(.text) refers to os_time.o(.text) for OSTimeDly
    app.o(.text) refers to os_sem.o(.text) for OSSemPend
    app.o(.text) refers to lcddisplay.o(.text) for WifiStatusDisplay
    app.o(.text) refers to cc1101.o(.text) for CC1101Init
    app.o(.text) refers to dataprocess.o(.text) for CC1101DateRecProcess
    app.o(.text) refers to os_task.o(.text) for OSTaskCreate
    app.o(.text) refers to bsp.o(.text) for BSP_Init
    app.o(.text) refers to os_core.o(.text) for OSInit
    app.o(.text) refers to wifi_application.o(.text) for Wifireceive_Function
    app.o(.text) refers to spi_flash.o(.text) for SPI_FLASH_Init
    app.o(.text) refers to app.o(.data) for err
    app.o(.text) refers to dataprocess.o(.data) for CC1101DataRecFlag
    app.o(.text) refers to dataprocess.o(.bss) for CC1101RxBuf
    app.o(.text) refers to app.o(.bss) for CC1100TaskStk
    wifi_application.o(.text) refers to netapp.o(.text) for netapp_dhcp
    wifi_application.o(.text) refers to cc3000spi.o(.text) for init_spi
    wifi_application.o(.text) refers to wlan.o(.text) for wlan_init
    wifi_application.o(.text) refers to socket.o(.text) for socket
    wifi_application.o(.text) refers to bsp.o(.text) for delay_ms
    wifi_application.o(.text) refers to ctype_o.o(.text) for __rt_ctype_table
    wifi_application.o(.text) refers to wifi_application.o(.data) for SysEvent
    wifi_application.o(.text) refers to wifi_application.o(.bss) for EventTimeOut
    wifi_application.o(.text) refers to cc3000_common.o(.text) for UINT32_TO_STREAM_f
    wifi_application.o(.text) refers to evnt_handler.o(.text) for hci_unsolicited_event_handler
    wifi_application.o(.text) refers to nvmem.o(.text) for nvmem_create_entry
    wifi_application.o(.text) refers to security.o(.text) for aes_write_key
    wifi_application.o(.text) refers to strlen.o(.text) for strlen
    wifi_application.o(.text) refers to memcpya.o(.text) for __aeabi_memcpy
    wifi_application.o(.text) refers to wifi_application.o(.constdata) for smartconfigkey
    wifi_application.o(.text) refers to app.o(.data) for WiFi_Status
    dataprocess.o(.text) refers to cc1101.o(.text) for CC1101SendPacket
    dataprocess.o(.text) refers to dataprocess.o(.data) for MsgBegin
    dataprocess.o(.text) refers to dataprocess.o(.bss) for TxBuffer
    lcddisplay.o(.text) refers to uc1701x.o(.text) for displayString
    lcddisplay.o(.text) refers to lcddisplay.o(.constdata) for CurrentSpeedCode
    lcddisplay.o(.text) refers to lcddisplay.o(.data) for Display_Index
    lcddisplay.o(.text) refers to dataprocess.o(.data) for CurrentSpeed
    bsp.o(.text) refers to stm32f10x_rcc.o(.text) for RCC_GetClocksFreq
    bsp.o(.text) refers to stm32f10x_gpio.o(.text) for GPIO_Init
    bsp.o(.text) refers to stm32f10x_tim.o(.text) for TIM_TimeBaseInit
    bsp.o(.text) refers to misc.o(.text) for NVIC_PriorityGroupConfig
    bsp.o(.text) refers to wifi_application.o(.text) for Init_CC3000Driver
    bsp.o(.text) refers to evnt_handler.o(.text) for hci_unsolicited_event_handler
    bsp.o(.text) refers to os_cpu_a.o(.text) for OS_CPU_SR_Save
    bsp.o(.text) refers to os_core.o(.text) for OSTimeTick
    bsp.o(.text) refers to system_stm32f10x.o(.data) for SystemCoreClock
    bsp.o(.text) refers to bsp.o(.data) for delayCount
    bsp.o(.text) refers to wifi_application.o(.data) for ulWifiEvent
    bsp.o(.text) refers to os_core.o(.data) for OSIntNesting
    os_core.o(.text) refers to os_cpu_a.o(.text) for OS_CPU_SR_Save
    os_core.o(.text) refers to os_core.o(.data) for OSIntNesting
    os_core.o(.text) refers to os_core.o(.constdata) for OSUnMapTbl
    os_core.o(.text) refers to os_core.o(.bss) for OSTCBPrioTbl
    os_core.o(.text) refers to os_task.o(.text) for OSTaskStkChk
    os_core.o(.text) refers to os_time.o(.text) for OSTimeDly
[...]
    OS_InitTCBList                           0x08001d33   Thumb Code   106  os_core.o(.text)
    OS_InitRdyList                           0x08001d9d   Thumb Code    44  os_core.o(.text)
    OS_InitMisc                              0x08001dc9   Thumb Code    44  os_core.o(.text)
    .text                                    0x080023d8   Section        0  os_flag.o(.text)
    OS_FlagTaskRdy                           0x0800254f   Thumb Code    96  os_flag.o(.text)
    OS_FlagBlock                             0x08002717   Thumb Code   152  os_flag.o(.text)
    .text                                    0x08002bf0   Section        0  os_mem.o(.text)
    .text                                    0x08002dd4   Section        0  os_q.o(.text)
    .text                                    0x080033d4   Section        0  os_sem.o(.text)
    .text                                    0x08003778   Section        0  os_task.o(.text)
    .text                                    0x08003fa8   Section        0  os_time.o(.text)
    .text                                    0x08004160   Section        0  os_cpu_c.o(.text)
    .text                                    0x08004260   Section      164  os_cpu_a.o(.text)
    .text                                    0x08004304   Section        0  cc1101.o(.text)
    .text                                    0x08004998   Section        0  spi_flash.o(.text)
    .text                                    0x08004ebc   Section        0  uc1701x.o(.text)
    .text                                    0x0800522c   Section        0  cc3000_common.o(.text)
    .text                                    0x08005280   Section        0  cc3000spi.o(.text)
    CC3000_DMA_Config                        0x080052d3   Thumb Code    82  cc3000spi.o(.text)
    .text                                    0x08005918   Section        0  evnt_handler.o(.text)
    update_socket_active_status              0x08005a01   Thumb Code    40  evnt_handler.o(.text)
    hci_event_unsol_flowcontrol_handler      0x08005a29   Thumb Code    78  evnt_handler.o(.text)
    .text                                    0x08006088   Section        0  hci.o(.text)
    .text                                    0x08006208   Section        0  netapp.o(.text)
    .text                                    0x08006460   Section        0  nvmem.o(.text)
    .text                                    0x08006610   Section        0  security.o(.text)
    .text                                    0x08007330   Section        0  socket.o(.text)
    .text                                    0x08007adc   Section        0  wlan.o(.text)
    SimpleLink_Init_Start                    0x08007add   Thumb Code    46  wlan.o(.text)
    .text                                    0x08008320   Section        0  misc.o(.text)
    .text                                    0x080083fc   Section        0  stm32f10x_dma.o(.text)
    .text                                    0x0800864c   Section        0  stm32f10x_exti.o(.text)
    .text                                    0x08008768   Section        0  stm32f10x_gpio.o(.text)
    .text                                    0x08008ac0   Section        0  stm32f10x_rcc.o(.text)
    .text                                    0x08008e64   Section        0  stm32f10x_spi.o(.text)
    .text                                    0x08009170   Section        0  stm32f10x_tim.o(.text)
    TI4_Config                               0x08009617   Thumb Code   130  stm32f10x_tim.o(.text)
    TI3_Config                               0x080096ab   Thumb Code   122  stm32f10x_tim.o(.text)
    TI2_Config                               0x0800973f   Thumb Code   130  stm32f10x_tim.o(.text)
    TI1_Config                               0x080097d3   Thumb Code   108  stm32f10x_tim.o(.text)
    .text                                    0x08009f8c   Section        0  ctype_o.o(.text)
    .text                                    0x08009f94   Section        0  memcpya.o(.text)
    .text                                    0x08009fb8   Section        0  strlen.o(.text)
    .text                                    0x08009fc8   Section       36  init.o(.text)
    .text                                    0x08009fec   Section        0  __dczerorl2.o(.text)
    i.__aeabi_errno_addr                     0x0800a048   Section        0  errno.o(i.__aeabi_errno_addr)
    i.__scatterload_copy                     0x0800a050   Section       14  handlers.o(i.__scatterload_copy)
    i.__scatterload_null                     0x0800a05e   Section        2  handlers.o(i.__scatterload_null)
    i.__scatterload_zeroinit                 0x0800a060   Section       14  handlers.o(i.__scatterload_zeroinit)
    .constdata                               0x0800a06e   Section       16  wifi_application.o(.constdata)
    .constdata                               0x0800a07e   Section       58  lcddisplay.o(.constdata)
    .constdata                               0x0800a0b8   Section      256  os_core.o(.constdata)
    .constdata                               0x0800a1b8   Section       35  cc1101.o(.constdata)
    .constdata                               0x0800a1dc   Section     1336  uc1701x.o(.constdata)
    .constdata                               0x0800a714   Section      523  security.o(.constdata)
    .constdata                               0x0800a91f   Section      129  ctype_o.o(.constdata)
    .constdata                               0x0800a9a0   Section        4  ctype_o.o(.constdata)
    table                                    0x0800a9a0   Data           4  ctype_o.o(.constdata)
    .data                                    0x20000000   Section       20  system_stm32f10x.o(.data)
    .data                                    0x20000014   Section       11  app.o(.data)
    LastDisplayStatus                        0x20000015   Data           1  app.o(.data)
    .data                                    0x20000020   Section       74  wifi_application.o(.data)
    timesCnt                                 0x20000039   Data           1  wifi_application.o(.data)
    Heart_Beat_Flag                          0x2000003a   Data           1  wifi_application.o(.data)
    .data                                    0x2000006c   Section       35  dataprocess.o(.data)
    .data                                    0x20000090   Section       11  lcddisplay.o(.data)
    LastCurrentSpeed                         0x20000090   Data           1  lcddisplay.o(.data)
    LastTotalDrip                            0x20000094   Data           4  lcddisplay.o(.data)
    LastTerminalPowerPrecent                 0x20000098   Data           1  lcddisplay.o(.data)
    LastWorkingStatus                        0x20000099   Data           1  lcddisplay.o(.data)
    Display_Index                            0x2000009a   Data           1  lcddisplay.o(.data)
    .data                                    0x2000009c   Section       13  bsp.o(.data)
    hci_unsolicited_timeout                  0x200000a6   Data           1  bsp.o(.data)
    wifi_status_led_timeout                  0x200000a7   Data           1  bsp.o(.data)
    sendratadata_timeout                     0x200000a8   Data           1  bsp.o(.data)
    .data                                    0x200000ac   Section       76  os_core.o(.data)
    .data                                    0x200000f8   Section        8  cc1101.o(.data)
    .data                                    0x20000100   Section      720  uc1701x.o(.data)
    .data                                    0x200003d0   Section        5  cc3000spi.o(.data)
    .data                                    0x200003d8   Section        4  evnt_handler.o(.data)
    .data                                    0x200003dc   Section       20  stm32f10x_rcc.o(.data)
    APBAHBPrescTable                         0x200003dc   Data          16  stm32f10x_rcc.o(.data)
    ADCPrescTable                            0x200003ec   Data           4  stm32f10x_rcc.o(.data)
    .data                                    0x200003f0   Section        4  errno.o(.data)
    _errno                                   0x200003f0   Data           4  errno.o(.data)
    .bss                                     0x200003f4   Section     2800  app.o(.bss)
    .bss                                     0x20000ee4   Section     2222  wifi_application.o(.bss)
    .bss                                     0x20001792   Section      192  dataprocess.o(.bss)
    .bss                                     0x20001854   Section     3752  os_core.o(.bss)
    .bss                                     0x200026fc   Section      282  cc3000spi.o(.bss)
    .bss                                     0x20002816   Section      176  security.o(.bss)
    .bss                                     0x200028c8   Section      151  wlan.o(.bss)
    STACK                                    0x20002960   Section     1024  startup_stm32f10x_md.o(STACK)

    Global Symbols

    Symbol Name                              Value     Ov Type        Size  Object(Section)

    BuildAttributes$$THM_ISAv4$P$D$K$B$S$PE$A:L22UL41UL21$X:L11$S22US41US21$IEEE1$IW$USESV6$~STKCKD$USESV7$~SHL$OSPACE$EBA8$MICROLIB$REQ8$PRES8$EABIv2 0x00000000   Number         0  anon$$obj.o ABSOLUTE
    __ARM_use_no_argv                        0x00000000   Number         0  app.o ABSOLUTE
    __cpp_initialize__aeabi_                  - Undefined Weak Reference
    __cxa_finalize                            - Undefined Weak Reference
    _clock_init                               - Undefined Weak Reference
    _microlib_exit                            - Undefined Weak Reference
    __Vectors_Size                           0x000000ec   Number         0  startup_stm32f10x_md.o ABSOLUTE
    __Vectors                                0x08000000   Data           4  startup_stm32f10x_md.o(RESET)
    __Vectors_End                            0x080000ec   Data           0  startup_stm32f10x_md.o(RESET)
    __main                                   0x080000ed   Thumb Code     0  entry.o(.ARM.Collect$$$$00000000)
    _main_stk                                0x080000ed   Thumb Code     0  entry2.o(.ARM.Collect$$$$00000001)
    _main_scatterload                        0x080000f1   Thumb Code     0  entry5.o(.ARM.Collect$$$$00000004)
    __main_after_scatterload                 0x080000f5   Thumb Code     0  entry5.o(.ARM.Collect$$$$00000004)
    _main_clock                              0x080000f5   Thumb Code     0  entry7b.o(.ARM.Collect$$$$00000008)
    _main_cpp_init                           0x080000f5   Thumb Code     0  entry8b.o(.ARM.Collect$$$$0000000A)
    _main_init                               0x080000f5   Thumb Code     0  entry9a.o(.ARM.Collect$$$$0000000B)
    __rt_final_cpp                           0x080000fd   Thumb Code     0  entry10a.o(.ARM.Collect$$$$0000000D)
    __rt_final_exit                          0x080000fd   Thumb Code     0  entry11a.o(.ARM.Collect$$$$0000000F)
    SystemInit                               0x080001dd   Thumb Code    78  system_stm32f10x.o(.text)
    SystemCoreClockUpdate                    0x0800022b   Thumb Code   142  system_stm32f10x.o(.text)
    Reset_Handler                            0x080002dd   Thumb Code     8  startup_stm32f10x_md.o(.text)
    ADC1_2_IRQHandler                        0x080002f7   Thumb Code     0  startup_stm32f10x_md.o(.text)
    CAN1_RX1_IRQHandler                      0x080002f7   Thumb Code     0  startup_stm32f10x_md.o(.text)
    CAN1_SCE_IRQHandler                      0x080002f7   Thumb Code     0  startup_stm32f10x_md.o(.text)
    DMA1_Channel1_IRQHandler                 0x080002f7   Thumb Code     0  startup_stm32f10x_md.o(.text)
    DMA1_Channel4_IRQHandler                 0x080002f7   Thumb Code     0  startup_stm32f10x_md.o(.text)
    DMA1_Channel5_IRQHandler                 0x080002f7   Thumb Code     0  startup_stm32f10x_md.o(.text)
    DMA1_Channel6_IRQHandler                 0x080002f7   Thumb Code     0  startup_stm32f10x_md.o(.text)
    DMA1_Channel7_IRQHandler                 0x080002f7   Thumb Code     0  startup_stm32f10x_md.o(.text)
    EXTI0_IRQHandler                         0x080002f7   Thumb Code     0  startup_stm32f10x_md.o(.text)
    EXTI15_10_IRQHandler                     0x080002f7   Thumb Code     0  startup_stm32f10x_md.o(.text)
    EXTI2_IRQHandler                         0x080002f7   Thumb Code     0  startup_stm32f10x_md.o(.text)
    EXTI3_IRQHandler                         0x080002f7   Thumb Code     0  startup_stm32f10x_md.o(.text)
    EXTI4_IRQHandler                         0x080002f7   Thumb Code     0  startup_stm32f10x_md.o(.text)
    FLASH_IRQHandler                         0x080002f7   Thumb Code     0  startup_stm32f10x_md.o(.text)
    I2C1_ER_IRQHandler                       0x080002f7   Thumb Code     0  startup_stm32f10x_md.o(.text)
    I2C1_EV_IRQHandler                       0x080002f7   Thumb Code     0  startup_stm32f10x_md.o(.text)
    I2C2_ER_IRQHandler                       0x080002f7   Thumb Code     0  startup_stm32f10x_md.o(.text)
    I2C2_EV_IRQHandler                       0x080002f7   Thumb Code     0  startup_stm32f10x_md.o(.text)
    PVD_IRQHandler                           0x080002f7   Thumb Code     0  startup_stm32f10x_md.o(.text)
    RCC_IRQHandler                           0x080002f7   Thumb Code     0  startup_stm32f10x_md.o(.text)
    RTCAlarm_IRQHandler                      0x080002f7   Thumb Code     0  startup_stm32f10x_md.o(.text)
    RTC_IRQHandler                           0x080002f7   Thumb Code     0  startup_stm32f10x_md.o(.text)
    SPI1_IRQHandler                          0x080002f7   Thumb Code     0  startup_stm32f10x_md.o(.text)
    SPI2_IRQHandler                          0x080002f7   Thumb Code     0  startup_stm32f10x_md.o(.text)
    TAMPER_IRQHandler                        0x080002f7   Thumb Code     0  startup_stm32f10x_md.o(.text)
    TIM1_BRK_IRQHandler                      0x080002f7   Thumb Code     0  startup_stm32f10x_md.o(.text)
    TIM1_CC_IRQHandler                       0x080002f7   Thumb Code     0  startup_stm32f10x_md.o(.text)
    TIM1_TRG_COM_IRQHandler                  0x080002f7   Thumb Code     0  startup_stm32f10x_md.o(.text)
    TIM1_UP_IRQHandler                       0x080002f7   Thumb Code     0  startup_stm32f10x_md.o(.text)
    TIM3_IRQHandler                          0x080002f7   Thumb Code     0  startup_stm32f10x_md.o(.text)
    TIM4_IRQHandler                          0x080002f7   Thumb Code     0  startup_stm32f10x_md.o(.text)
    USART1_IRQHandler                        0x080002f7   Thumb Code     0  startup_stm32f10x_md.o(.text)
    USART2_IRQHandler                        0x080002f7   Thumb Code     0  startup_stm32f10x_md.o(.text)
    USART3_IRQHandler                        0x080002f7   Thumb Code     0  startup_stm32f10x_md.o(.text)
    USBWakeUp_IRQHandler                     0x080002f7   Thumb Code     0  startup_stm32f10x_md.o(.text)
    USB_HP_CAN1_TX_IRQHandler                0x080002f7   Thumb Code     0  startup_stm32f10x_md.o(.text)
    USB_LP_CAN1_RX0_IRQHandler               0x080002f7   Thumb Code     0  startup_stm32f10x_md.o(.text)
    WWDG_IRQHandler                          0x080002f7   Thumb Code     0  startup_stm32f10x_md.o(.text)
    NMI_Handler                              0x08000301   Thumb Code     2  stm32f10x_it.o(.text)
    HardFault_Handler                        0x08000303   Thumb Code     4  stm32f10x_it.o(.text)
    MemManage_Handler                        0x08000307   Thumb Code     4  stm32f10x_it.o(.text)
    BusFault_Handler                         0x0800030b   Thumb Code     4  stm32f10x_it.o(.text)
    UsageFault_Handler                       0x0800030f   Thumb Code     4  stm32f10x_it.o(.text)
    SVC_Handler                              0x08000313   Thumb Code     2  stm32f10x_it.o(.text)
    DebugMon_Handler                         0x08000315   Thumb Code     2  stm32f10x_it.o(.text)
    main                                     0x080003e9   Thumb Code    26  app.o(.text)
    SetEventTimeOut                          0x08000475   Thumb Code   104  wifi_application.o(.text)
    SetEvent                                 0x080004dd   Thumb Code    42  wifi_application.o(.text)
    ClearEvent                               0x08000507   Thumb Code    42  wifi_application.o(.text)
    GetEvent                                 0x08000531   Thumb Code    52  wifi_application.o(.text)
    sendDriverPatch                          0x08000565   Thumb Code     8  wifi_application.o(.text)
    sendBootLoaderPatch                      0x0800056d   Thumb Code     8  wifi_application.o(.text)
    sendWLFWPatch                            0x08000575   Thumb Code     8  wifi_application.o(.text)
    CC3000_UsynchCallback                    0x0800057d   Thumb Code   152  wifi_application.o(.text)
    Set_staticIP                             0x08000615   Thumb Code    56  wifi_application.o(.text)
    Init_CC3000Driver                        0x0800064d   Thumb Code   102  wifi_application.o(.text)
    Set_ulSocket                             0x080006b3   Thumb Code   122  wifi_application.o(.text)
    Set_TCP                                  0x0800072d   Thumb Code   188  wifi_application.o(.text)
    ReConnectSocket                          0x080007e9   Thumb Code   102  wifi_application.o(.text)
    initClient                               0x080009ff   Thumb Code   102  wifi_application.o(.text)
    Init_Client                              0x08000a65   Thumb Code    22  wifi_application.o(.text)
    GetdeviceInfo                            0x08000a99   Thumb Code    42  wifi_application.o(.text)
    StartSmartConfig                         0x08000ac3   Thumb Code   252  wifi_application.o(.text)
    ConnectionAP                             0x08000bbf   Thumb Code    80  wifi_application.o(.text)
    TCPClient                                0x08000c0f   Thumb Code    80  wifi_application.o(.text)
    TCPServer                                0x08000c5f   Thumb Code    36  wifi_application.o(.text)
    ConnectUsingSSID                         0x08000c83   Thumb Code   178  wifi_application.o(.text)
    Wifi_Scan                                0x08000d35   Thumb Code   132  wifi_application.o(.text)
    Wifi_send_data                           0x08000db9   Thumb Code   170  wifi_application.o(.text)
    Wifi_recv_data                           0x08000e63   Thumb Code   170  wifi_application.o(.text)
    Wifi_event_handler                       0x08000f0d   Thumb Code   188  wifi_application.o(.text)
    Wifisend_Function                        0x08000fc9   Thumb Code     2  wifi_application.o(.text)
    Wifireceive_Function                     0x08000fcb   Thumb Code     8  wifi_application.o(.text)
    MessageHeader                            0x08001009   Thumb Code   124  dataprocess.o(.text)
    WorkingStateMsgAckTransmit               0x08001085   Thumb Code    58  dataprocess.o(.text)
    CC1101DateRecProcess                     0x080010bf   Thumb Code    64  dataprocess.o(.text)
    DisplayItoA                              0x08001135   Thumb Code   212  lcddisplay.o(.text)
    WifiStatusDisplay                        0x08001209   Thumb Code     2  lcddisplay.o(.text)
    DataDisplayCode                          0x0800120b   Thumb Code    44  lcddisplay.o(.text)
    DataDisplay                              0x08001237   Thumb Code   182  lcddisplay.o(.text)
    BSP_Init                                 0x0800136b   Thumb Code     8  bsp.o(.text)
    BSP_CPU_ClkFreq                          0x08001373   Thumb Code    16  bsp.o(.text)
    OS_CPU_SysTickClkFreq                    0x08001383   Thumb Code    12  bsp.o(.text)
    delay_ms                                 0x0800138f   Thumb Code    22  bsp.o(.text)
    HW_IO_init                               0x080013a5   Thumb Code   208  bsp.o(.text)
    TIM2_Configuration                       0x080014dd   Thumb Code   126  bsp.o(.text)
    Board_Init                               0x0800155b   Thumb Code    26  bsp.o(.text)
    SetLEDStatus                             0x08001575   Thumb Code    26  bsp.o(.text)
    SetLEDToggle                             0x0800158f   Thumb Code    32  bsp.o(.text)
    SetRELAYToggle                           0x080015af   Thumb Code    50  bsp.o(.text)
    TIM2_IRQHandler                          0x080015e1   Thumb Code   138  bsp.o(.text)
    SysTick_Handler                          0x0800166b   Thumb Code    54  bsp.o(.text)
    OS_StrLen                                0x080016d5   Thumb Code    20  os_core.o(.text)
    OSEventNameGet                           0x080016e9   Thumb Code    98  os_core.o(.text)
    OSEventNameSet                           0x0800174b   Thumb Code    84  os_core.o(.text)
    OS_EventTaskRemoveMulti                  0x0800179f   Thumb Code    60  os_core.o(.text)
    OS_Sched                                 0x080017f5   Thumb Code    88  os_core.o(.text)
    OS_EventTaskWaitMulti                    0x0800184d   Thumb Code   136  os_core.o(.text)
    OSEventPendMulti                         0x080018d5   Thumb Code   710  os_core.o(.text)
    OS_TaskStatStkChk                        0x08001b9b   Thumb Code    54  os_core.o(.text)
    OS_TaskStat                              0x08001bd1   Thumb Code   116  os_core.o(.text)
    OS_TaskIdle                              0x08001c79   Thumb Code    34  os_core.o(.text)
    OS_MemClr                                0x08001ccf   Thumb Code    18  os_core.o(.text)
    OSInit                                   0x08001df5   Thumb Code    48  os_core.o(.text)
    OSIntEnter                               0x08001e25   Thumb Code    28  os_core.o(.text)
    OSIntExit                                0x08001e41   Thumb Code   112  os_core.o(.text)
    OSSchedLock                              0x08001eb1   Thumb Code    50  os_core.o(.text)
    OSSchedUnlock                            0x08001ee3   Thumb Code   236  os_core.o(.text)
    OSStart                                  0x08001fcf   Thumb Code    48  os_core.o(.text)
    OSStatInit                               0x08001fff   Thumb Code    62  os_core.o(.text)
    OSTimeTick                               0x0800203d   Thumb Code   218  os_core.o(.text)
    OSVersion                                0x08002117   Thumb Code     6  os_core.o(.text)
    OS_Dummy                                 0x0800211d   Thumb Code     2  os_core.o(.text)
    OS_EventTaskRemove                       0x0800211f   Thumb Code    42  os_core.o(.text)
    OS_EventTaskRdy                          0x08002149   Thumb Code   132  os_core.o(.text)
    OS_EventTaskWait                         0x080021cd   Thumb Code   112  os_core.o(.text)
    OS_EventWaitListInit                     0x0800223d   Thumb Code    28  os_core.o(.text)
    OS_MemCopy                               0x08002259   Thumb Code    20  os_core.o(.text)
    OS_TCBInit                               0x0800226d   Thumb Code   296  os_core.o(.text)
    OSFlagAccept                             0x080023d9   Thumb Code   252  os_flag.o(.text)
    OSFlagCreate                             0x080024d5   Thumb Code    86  os_flag.o(.text)
    OS_FlagUnlink                            0x0800252b   Thumb Code    36  os_flag.o(.text)
    OSFlagDel                                0x080025af   Thumb Code   214  os_flag.o(.text)
    OSFlagNameGet                            0x08002685   Thumb Code    80  os_flag.o(.text)
    OSFlagNameSet                            0x080026d5   Thumb Code    66  os_flag.o(.text)
    OSFlagPend                               0x080027af   Thumb Code   614  os_flag.o(.text)
    OSFlagPendGetFlagsRdy                    0x08002a15   Thumb Code    26  os_flag.o(.text)
    OSFlagPost                               0x08002a2f   Thumb Code   312  os_flag.o(.text)
    OSFlagQuery                              0x08002b67   Thumb Code    48  os_flag.o(.text)
    OS_FlagInit                              0x08002b97   Thumb Code    78  os_flag.o(.text)
    OSMemCreate                              0x08002bf1   Thumb Code   118  os_mem.o(.text)
    OSMemGet                                 0x08002c67   Thumb Code    62  os_mem.o(.text)
    OSMemNameGet                             0x08002ca5   Thumb Code    60  os_mem.o(.text)
    OSMemNameSet                             0x08002ce1   Thumb Code    48  os_mem.o(.text)
    OSMemPut                                 0x08002d11   Thumb Code    54  os_mem.o(.text)
    OSMemQuery                               0x08002d47   Thumb Code    52  os_mem.o(.text)
    OS_MemInit                               0x08002d7b   Thumb Code    74  os_mem.o(.text)
    OSQAccept                                0x08002dd5   Thumb Code    88  os_q.o(.text)
    OSQCreate                                0x08002e2d   Thumb Code   144  os_q.o(.text)
    OSQDel                                   0x08002ebd   Thumb Code   244  os_q.o(.text)
    OSQFlush                                 0x08002fb1   Thumb Code    36  os_q.o(.text)
    OSQPend                                  0x08002fd5   Thumb Code   278  os_q.o(.text)
    OSQPendAbort                             0x080030eb   Thumb Code   128  os_q.o(.text)
    OSQPost                                  0x0800316b   Thumb Code   114  os_q.o(.text)
    OSQPostFront                             0x080031dd   Thumb Code   142  os_q.o(.text)
    OSQPostOpt                               0x0800326b   Thumb Code   182  os_q.o(.text)
    OSQQuery                                 0x08003321   Thumb Code    98  os_q.o(.text)
    OS_QInit                                 0x08003383   Thumb Code    72  os_q.o(.text)
    OSSemAccept                              0x080033d5   Thumb Code    42  os_sem.o(.text)
    OSSemCreate                              0x080033ff   Thumb Code    72  os_sem.o(.text)
    OSSemDel                                 0x08003447   Thumb Code   210  os_sem.o(.text)
    OSSemPend                                0x08003519   Thumb Code   228  os_sem.o(.text)
    OSSemPendAbort                           0x080035fd   Thumb Code   128  os_sem.o(.text)
    OSSemPost                                0x0800367d   Thumb Code    88  os_sem.o(.text)
    OSSemQuery                               0x080036d5   Thumb Code    76  os_sem.o(.text)
    OSSemSet                                 0x08003721   Thumb Code    66  os_sem.o(.text)
    OSTaskChangePrio                         0x08003779   Thumb Code   396  os_task.o(.text)
    OSTaskCreate                             0x08003905   Thumb Code   148  os_task.o(.text)
    OS_TaskStkClr                            0x08003999   Thumb Code    26  os_task.o(.text)
    OSTaskCreateExt                          0x080039b3   Thumb Code   170  os_task.o(.text)
    OSTaskDel                                0x08003a5d   Thumb Code   352  os_task.o(.text)
    OSTaskDelReq                             0x08003bbd   Thumb Code   100  os_task.o(.text)
    OSTaskNameGet                            0x08003c21   Thumb Code   114  os_task.o(.text)
    OSTaskNameSet                            0x08003c93   Thumb Code    98  os_task.o(.text)
    OSTaskResume                             0x08003cf5   Thumb Code   160  os_task.o(.text)
    OSTaskStkChk                             0x08003d95   Thumb Code   132  os_task.o(.text)
    OSTaskSuspend                            0x08003e19   Thumb Code   152  os_task.o(.text)
    OSTaskQuery                              0x08003eb1   Thumb Code    82  os_task.o(.text)
    OSTaskRegGet                             0x08003f03   Thumb Code    60  os_task.o(.text)
    OSTaskRegSet                             0x08003f3f   Thumb Code    62  os_task.o(.text)
    OS_TaskReturn                            0x08003f7d   Thumb Code    18  os_task.o(.text)
    OSTimeDly                                0x08003fa9   Thumb Code   100  os_time.o(.text)
    OSTimeDlyHMSM                            0x0800400d   Thumb Code    86  os_time.o(.text)
    OSTimeDlyResume                          0x08004063   Thumb Code   176  os_time.o(.text)
    OSTimeGet                                0x08004113   Thumb Code    24  os_time.o(.text)
    OSTimeSet                                0x0800412b   Thumb Code    24  os_time.o(.text)
    OSInitHookBegin                          0x08004161   Thumb Code     2  os_cpu_c.o(.text)
    OSInitHookEnd                            0x08004163   Thumb Code     2  os_cpu_c.o(.text)
    OSTaskCreateHook                         0x08004165   Thumb Code     2  os_cpu_c.o(.text)
    OSTaskDelHook                            0x08004167   Thumb Code     2  os_cpu_c.o(.text)
    OSTaskIdleHook                           0x08004169   Thumb Code     2  os_cpu_c.o(.text)
    OSTaskStatHook                           0x0800416b   Thumb Code     2  os_cpu_c.o(.text)
    OSTaskStkInit                            0x0800416d   Thumb Code   154  os_cpu_c.o(.text)
    OSTaskSwHook                             0x08004207   Thumb Code     2  os_cpu_c.o(.text)
    OSTCBInitHook                            0x08004209   Thumb Code     2  os_cpu_c.o(.text)
    OSTimeTickHook                           0x0800420b   Thumb Code     2  os_cpu_c.o(.text)
    OSTaskReturnHook                         0x0800420d   Thumb Code     2  os_cpu_c.o(.text)
    OS_CPU_SysTickHandler                    0x0800420f   Thumb Code    34  os_cpu_c.o(.text)
    OS_CPU_SysTickInit                       0x08004231   Thumb Code    42  os_cpu_c.o(.text)
    OS_CPU_SR_Save                           0x08004261   Thumb Code     0  os_cpu_a.o(.text)
    OS_CPU_SR_Restore                        0x08004269   Thumb Code     0  os_cpu_a.o(.text)
    OSStartHighRdy                           0x0800426f   Thumb Code     0  os_cpu_a.o(.text)
    OSCtxSw                                  0x0800428f   Thumb Code     0  os_cpu_a.o(.text)
    OSIntCtxSw                               0x08004299   Thumb Code     0  os_cpu_a.o(.text)
    PendSV_Handler                           0x080042a3   Thumb Code     0  os_cpu_a.o(.text)
    Delay                                    0x08004305   Thumb Code    16  cc1101.o(.text)
    SPI_ReadWrite                            0x08004315   Thumb Code    50  cc1101.o(.text)
    SPI_ReadByte                             0x08004347   Thumb Code    10  cc1101.o(.text)
    SPiCWriteReg                             0x08004351   Thumb Code    56  cc1101.o(.text)
    SpiCWriteBurstReg                        0x08004389   Thumb Code    78  cc1101.o(.text)
    SpiCReadReg                              0x080043d7   Thumb Code    62  cc1101.o(.text)
    SpiCReadBurstReg                         0x08004415   Thumb Code    80  cc1101.o(.text)
    SpiCReadStatus                           0x08004465   Thumb Code    60  cc1101.o(.text)
    SpiCStrobe                               0x080044a1   Thumb Code    48  cc1101.o(.text)
    SPiCPowerUpReset                         0x080044d1   Thumb Code   148  cc1101.o(.text)
    WriteRfSetting                           0x08004565   Thumb Code   360  cc1101.o(.text)
    CC1101SendPacket                         0x080046cd   Thumb Code   170  cc1101.o(.text)
    ClearRecBuf                              0x08004777   Thumb Code    20  cc1101.o(.text)
    CC1101ReceivePacket                      0x0800478b   Thumb Code   108  cc1101.o(.text)
    GDO2EXTI_Config                          0x080047f7   Thumb Code   108  cc1101.o(.text)
    CC1100_GPIO_Configuration                0x08004863   Thumb Code   200  cc1101.o(.text)
    CC1101Init                               0x0800492b   Thumb Code    60  cc1101.o(.text)
    EXTI9_5_IRQHandler                       0x08004967   Thumb Code    26  cc1101.o(.text)
    SPI_FLASH_Write_Protect_ENABLE           0x08004999   Thumb Code    14  spi_flash.o(.text)
    SPI_FLASH_Write_Protect_DISABLE          0x080049a7   Thumb Code    14  spi_flash.o(.text)
    SPI_FLASH_Init                           0x080049b5   Thumb Code   138  spi_flash.o(.text)
    SPI_FLASH_ReadByte                       0x08004a3f   Thumb Code   120  spi_flash.o(.text)
    SPI_FLASH_SendByte                       0x08004ab7   Thumb Code   126  spi_flash.o(.text)
    SPI_FLASH_WaitForWriteEnd                0x08004b35   Thumb Code    46  spi_flash.o(.text)
    SPI_FLASH_WriteEnable                    0x08004b63   Thumb Code    30  spi_flash.o(.text)
    SPI_FLASH_SectorErase                    0x08004b81   Thumb Code    66  spi_flash.o(.text)
    SPI_FLASH_BulkErase                      0x08004bc3   Thumb Code    38  spi_flash.o(.text)
    SPI_FLASH_PageWrite                      0x08004be9   Thumb Code    96  spi_flash.o(.text)
    SPI_FLASH_BufferWrite                    0x08004c49   Thumb Code   290  spi_flash.o(.text)
    SPI_FLASH_BufferRead                     0x08004d6b   Thumb Code    98  spi_flash.o(.text)
    SPI_FLASH_ReadID                         0x08004dcd   Thumb Code    72  spi_flash.o(.text)
    SPI_FLASH_ReadDeviceID                   0x08004e15   Thumb Code    58  spi_flash.o(.text)
    SPI_FLASH_StartReadSequence              0x08004e4f   Thumb Code    44  spi_flash.o(.text)
    SPI_Flash_PowerDown                      0x08004e7b   Thumb Code    30  spi_flash.o(.text)
    SPI_Flash_WAKEUP                         0x08004e99   Thumb Code    30  spi_flash.o(.text)
    Get_Font_Size                            0x08004ebd   Thumb Code     8  uc1701x.o(.text)
    UC1701X_PORT_INIT                        0x08004ec5   Thumb Code   116  uc1701x.o(.text)
    Transfer_command                         0x08004f39   Thumb Code    82  uc1701x.o(.text)
    Transfer_data                            0x08004f8b   Thumb Code    82  uc1701x.o(.text)
    Initial_Lcd                              0x08004fdd   Thumb Code   116  uc1701x.o(.text)
    clear_screen                             0x08005051   Thumb Code    98  uc1701x.o(.text)
    DisplayClearAll                          0x080050b3   Thumb Code    18  uc1701x.o(.text)
    DisplayGraphic1                          0x080050c5   Thumb Code    62  uc1701x.o(.text)
    DisplayCode                              0x08005103   Thumb Code   104  uc1701x.o(.text)
    displayChar                              0x0800516b   Thumb Code    40  uc1701x.o(.text)
    displayString                            0x08005193   Thumb Code   100  uc1701x.o(.text)
    DisplayNum                               0x080051f7   Thumb Code    34  uc1701x.o(.text)
    __error__                                0x0800522d   Thumb Code     2  cc3000_common.o(.text)
    UINT32_TO_STREAM_f                       0x0800522f   Thumb Code    24  cc3000_common.o(.text)
    UINT16_TO_STREAM_f                       0x08005247   Thumb Code    12  cc3000_common.o(.text)
    STREAM_TO_UINT16_f                       0x08005253   Thumb Code    16  cc3000_common.o(.text)
    STREAM_TO_UINT32_f                       0x08005263   Thumb Code    30  cc3000_common.o(.text)
    SpiCleanGPIOISR                          0x08005281   Thumb Code    10  cc3000spi.o(.text)
    SpiClose                                 0x0800528b   Thumb Code    22  cc3000spi.o(.text)
    SpiOpen                                  0x080052a1   Thumb Code    50  cc3000spi.o(.text)
    SpiCC3000DMAInit                         0x08005325   Thumb Code   138  cc3000spi.o(.text)
    SpiDMARXReconfig                         0x080053af   Thumb Code    42  cc3000spi.o(.text)
    SpiDMATXReconfig                         0x080053d9   Thumb Code    48  cc3000spi.o(.text)
    init_spi                                 0x08005409   Thumb Code   344  cc3000spi.o(.text)
    ReadWlanInterruptPin                     0x08005561   Thumb Code    12  cc3000spi.o(.text)
    WlanInterruptEnable                      0x0800556d   Thumb Code    38  cc3000spi.o(.text)
    WlanInterruptDisable                     0x08005593   Thumb Code    38  cc3000spi.o(.text)
    WriteWlanPin                             0x080055b9   Thumb Code    48  cc3000spi.o(.text)
    SpiWriteDataSynchronous                  0x080055e9   Thumb Code    50  cc3000spi.o(.text)
    SpiFirstWrite                            0x0800561b   Thumb Code   126  cc3000spi.o(.text)
    SpiWrite                                 0x08005699   Thumb Code   180  cc3000spi.o(.text)
    SpiReadDataSynchronous                   0x0800574d   Thumb Code    58  cc3000spi.o(.text)
    SpiReadHeader                            0x08005787   Thumb Code    14  cc3000spi.o(.text)
    SpiReadDataCont                          0x08005795   Thumb Code    90  cc3000spi.o(.text)
    SpiPauseSpi                              0x080057ef   Thumb Code     8  cc3000spi.o(.text)
    SpiResumeSpi                             0x080057f7   Thumb Code     8  cc3000spi.o(.text)
    SpiTriggerRxProcessing                   0x080057ff   Thumb Code    50  cc3000spi.o(.text)
    SSIContReadOperation                     0x08005831   Thumb Code    14  cc3000spi.o(.text)
    EXTI1_IRQHandler                         0x0800583f   Thumb Code   102  cc3000spi.o(.text)
    DMA1_Channel3_IRQHandler                 0x080058a5   Thumb Code    22  cc3000spi.o(.text)
    DMA1_Channel2_IRQHandler                 0x080058bb   Thumb Code    20  cc3000spi.o(.text)
    TXBufferIsEmpty                          0x080058cf   Thumb Code    20  cc3000spi.o(.text)
    RXBufferIsNotEmpty                       0x080058e3   Thumb Code    20  cc3000spi.o(.text)
    hci_unsol_handle_patch_request           0x08005919   Thumb Code   188  evnt_handler.o(.text)
    set_socket_active_status                 0x080059d5   Thumb Code    44  evnt_handler.o(.text)
    hci_unsol_event_handler                  0x08005a77   Thumb Code   476  evnt_handler.o(.text)
    hci_event_handler                        0x08005c53   Thumb Code   942  evnt_handler.o(.text)
    hci_unsolicited_event_handler            0x08006001   Thumb Code    46  evnt_handler.o(.text)
    get_socket_active_status                 0x0800602f   Thumb Code    34  evnt_handler.o(.text)
    SimpleLinkWaitEvent                      0x08006051   Thumb Code    22  evnt_handler.o(.text)
    SimpleLinkWaitData                       0x08006067   Thumb Code    26  evnt_handler.o(.text)
    hci_command_send                         0x08006089   Thumb Code    46  hci.o(.text)
    hci_data_send                            0x080060b7   Thumb Code    66  hci.o(.text)
    hci_data_command_send                    0x080060f9   Thumb Code    56  hci.o(.text)
    hci_patch_send                           0x08006131   Thumb Code   216  hci.o(.text)
    netapp_config_mac_adrress                0x08006209   Thumb Code    12  netapp.o(.text)
    netapp_dhcp                              0x08006215   Thumb Code   140  netapp.o(.text)
    netapp_timeout_values                    0x080062a1   Thumb Code   152  netapp.o(.text)
    netapp_ping_send                         0x08006339   Thumb Code    94  netapp.o(.text)
    netapp_ping_report                       0x08006397   Thumb Code    34  netapp.o(.text)
    netapp_ping_stop                         0x080063b9   Thumb Code    38  netapp.o(.text)
    netapp_ipconfig                          0x080063df   Thumb Code    32  netapp.o(.text)
    netapp_arp_flush                         0x080063ff   Thumb Code    38  netapp.o(.text)
    netapp_set_debug_level                   0x08006425   Thumb Code    54  netapp.o(.text)
    nvmem_read                               0x08006461   Thumb Code    94  nvmem.o(.text)
    nvmem_write                              0x080064bf   Thumb Code   106  nvmem.o(.text)
    nvmem_set_mac_address                    0x08006529   Thumb Code    20  nvmem.o(.text)
    nvmem_get_mac_address                    0x0800653d   Thumb Code    20  nvmem.o(.text)
    nvmem_write_patch                        0x08006551   Thumb Code    78  nvmem.o(.text)
    nvmem_read_sp_version                    0x0800659f   Thumb Code    48  nvmem.o(.text)
    nvmem_create_entry                       0x080065cf   Thumb Code    62  nvmem.o(.text)
    expandKey                                0x08006611   Thumb Code   498  security.o(.text)
    galois_mul2                              0x08006803   Thumb Code    22  security.o(.text)
    aes_encr                                 0x08006819   Thumb Code  1204  security.o(.text)
    aes_decr                                 0x08006ccd   Thumb Code  1536  security.o(.text)
    aes_encrypt                              0x080072cd   Thumb Code    24  security.o(.text)
    aes_decrypt                              0x080072e5   Thumb Code    24  security.o(.text)
    aes_read_key                             0x080072fd   Thumb Code    22  security.o(.text)
    aes_write_key                            0x08007313   Thumb Code    22  security.o(.text)
    HostFlowControlConsumeBuff               0x08007331   Thumb Code    72  socket.o(.text)
    socket                                   0x08007379   Thumb Code    98  socket.o(.text)
    closesocket                              0x080073db   Thumb Code    70  socket.o(.text)
    accept                                   0x08007421   Thumb Code   118  socket.o(.text)
    bind                                     0x08007497   Thumb Code   112  socket.o(.text)
    listen                                   0x08007507   Thumb Code    74  socket.o(.text)
    gethostbyname                            0x08007551   Thumb Code   128  socket.o(.text)
    connect                                  0x080075d1   Thumb Code   112  socket.o(.text)
    select                                   0x08007641   Thumb Code   264  socket.o(.text)
    setsockopt                               0x08007749   Thumb Code   144  socket.o(.text)
    getsockopt                               0x080077d9   Thumb Code   120  socket.o(.text)
    simple_link_recv                         0x08007851   Thumb Code   116  socket.o(.text)
    recv                                     0x080078c5   Thumb Code    36  socket.o(.text)
    recvfrom                                 0x080078e9   Thumb Code    42  socket.o(.text)
    simple_link_send                         0x08007913   Thumb Code   268  socket.o(.text)
    send                                     0x08007a1f   Thumb Code    34  socket.o(.text)
    sendto                                   0x08007a41   Thumb Code    40  socket.o(.text)
    mdnsAdvertiser                           0x08007a69   Thumb Code   110  socket.o(.text)
    wlan_init                                0x08007b0b   Thumb Code    60  wlan.o(.text)
    SpiReceiveHandler                        0x08007b47   Thumb Code    20  wlan.o(.text)
    wlan_start                               0x08007b5b   Thumb Code   136  wlan.o(.text)
    wlan_stop                                0x08007be3   Thumb Code    40  wlan.o(.text)
    wlan_connect                             0x08007c0b   Thumb Code   232  wlan.o(.text)
    wlan_disconnect                          0x08007cf3   Thumb Code    42  wlan.o(.text)
    wlan_ioctl_set_connection_policy         0x08007d1d   Thumb Code    78  wlan.o(.text)
    wlan_add_profile                         0x08007d6b   Thumb Code   618  wlan.o(.text)
    wlan_ioctl_del_profile                   0x08007fd5   Thumb Code    50  wlan.o(.text)
    wlan_ioctl_get_scan_results              0x08008007   Thumb Code    50  wlan.o(.text)
    wlan_ioctl_set_scan_params               0x08008039   Thumb Code   164  wlan.o(.text)
    wlan_set_event_mask                      0x080080dd   Thumb Code   102  wlan.o(.text)
    wlan_ioctl_statusget                     0x08008143   Thumb Code    34  wlan.o(.text)
    wlan_smart_config_start                  0x08008165   Thumb Code    56  wlan.o(.text)
    wlan_smart_config_stop                   0x0800819d   Thumb Code    34  wlan.o(.text)
    wlan_smart_config_set_prefix             0x080081bf   Thumb Code    72  wlan.o(.text)
    wlan_smart_config_process                0x08008207   Thumb Code   268  wlan.o(.text)
    NVIC_PriorityGroupConfig                 0x08008321   Thumb Code    10  misc.o(.text)
    NVIC_Init                                0x0800832b   Thumb Code   102  misc.o(.text)
    NVIC_SetVectorTable                      0x08008391   Thumb Code    14  misc.o(.text)
    NVIC_SystemLPConfig                      0x0800839f   Thumb Code    34  misc.o(.text)
    SysTick_CLKSourceConfig                  0x080083c1   Thumb Code    40  misc.o(.text)
    DMA_DeInit                               0x080083fd   Thumb Code   324  stm32f10x_dma.o(.text)
    DMA_Init                                 0x08008541   Thumb Code    60  stm32f10x_dma.o(.text)
    DMA_StructInit                           0x0800857d   Thumb Code    26  stm32f10x_dma.o(.text)
    DMA_Cmd                                  0x08008597   Thumb Code    24  stm32f10x_dma.o(.text)
    DMA_ITConfig                             0x080085af   Thumb Code    18  stm32f10x_dma.o(.text)
    DMA_SetCurrDataCounter                   0x080085c1   Thumb Code     4  stm32f10x_dma.o(.text)
    DMA_GetCurrDataCounter                   0x080085c5   Thumb Code     8  stm32f10x_dma.o(.text)
    DMA_GetFlagStatus                        0x080085cd   Thumb Code    38  stm32f10x_dma.o(.text)
    DMA_ClearFlag                            0x080085f3   Thumb Code    22  stm32f10x_dma.o(.text)
    DMA_GetITStatus                          0x08008609   Thumb Code    38  stm32f10x_dma.o(.text)
    DMA_ClearITPendingBit                    0x0800862f   Thumb Code    22  stm32f10x_dma.o(.text)
    EXTI_DeInit                              0x0800864d   Thumb Code    28  stm32f10x_exti.o(.text)
    EXTI_Init                                0x08008669   Thumb Code   142  stm32f10x_exti.o(.text)
    EXTI_StructInit                          0x080086f7   Thumb Code    16  stm32f10x_exti.o(.text)
    EXTI_GenerateSWInterrupt                 0x08008707   Thumb Code    16  stm32f10x_exti.o(.text)
    EXTI_GetFlagStatus                       0x08008717   Thumb Code    22  stm32f10x_exti.o(.text)
    EXTI_ClearFlag                           0x0800872d   Thumb Code     8  stm32f10x_exti.o(.text)
    EXTI_GetITStatus                         0x08008735   Thumb Code    34  stm32f10x_exti.o(.text)
    EXTI_ClearITPendingBit                   0x08008757   Thumb Code     8  stm32f10x_exti.o(.text)
    GPIO_DeInit                              0x08008769   Thumb Code   172  stm32f10x_gpio.o(.text)
    GPIO_AFIODeInit                          0x08008815   Thumb Code    20  stm32f10x_gpio.o(.text)
    GPIO_Init                                0x08008829   Thumb Code   274  stm32f10x_gpio.o(.text)
    GPIO_StructInit                          0x0800893b   Thumb Code    16  stm32f10x_gpio.o(.text)
    GPIO_ReadInputDataBit                    0x0800894b   Thumb Code    18  stm32f10x_gpio.o(.text)
    GPIO_ReadInputData                       0x0800895d   Thumb Code     8  stm32f10x_gpio.o(.text)
    GPIO_ReadOutputDataBit                   0x08008965   Thumb Code    18  stm32f10x_gpio.o(.text)
    GPIO_ReadOutputData                      0x08008977   Thumb Code     8  stm32f10x_gpio.o(.text)
    GPIO_SetBits                             0x0800897f   Thumb Code     4  stm32f10x_gpio.o(.text)
    GPIO_ResetBits                           0x08008983   Thumb Code     4  stm32f10x_gpio.o(.text)
    GPIO_WriteBit                            0x08008987   Thumb Code    10  stm32f10x_gpio.o(.text)
    GPIO_Write                               0x08008991   Thumb Code     4  stm32f10x_gpio.o(.text)
    GPIO_PinLockConfig                       0x08008995   Thumb Code    18  stm32f10x_gpio.o(.text)
    GPIO_EventOutputConfig                   0x080089a7   Thumb Code    26  stm32f10x_gpio.o(.text)
    GPIO_EventOutputCmd                      0x080089c1   Thumb Code     6  stm32f10x_gpio.o(.text)
    GPIO_PinRemapConfig                      0x080089c7   Thumb Code   138  stm32f10x_gpio.o(.text)
    GPIO_EXTILineConfig                      0x08008a51   Thumb Code    66  stm32f10x_gpio.o(.text)
    GPIO_ETH_MediaInterfaceConfig            0x08008a93   Thumb Code     6  stm32f10x_gpio.o(.text)
    RCC_DeInit                               0x08008ac1   Thumb Code    64  stm32f10x_rcc.o(.text)
    RCC_HSEConfig                            0x08008b01   Thumb Code    70  stm32f10x_rcc.o(.text)
    RCC_GetFlagStatus                        0x08008b47   Thumb Code    56  stm32f10x_rcc.o(.text)
    RCC_WaitForHSEStartUp                    0x08008b7f   Thumb Code    56  stm32f10x_rcc.o(.text)
    RCC_AdjustHSICalibrationValue            0x08008bb7   Thumb Code    20  stm32f10x_rcc.o(.text)
    RCC_HSICmd                               0x08008bcb   Thumb Code     6  stm32f10x_rcc.o(.text)
    RCC_PLLConfig                            0x08008bd1   Thumb Code    24  stm32f10x_rcc.o(.text)
    RCC_PLLCmd                               0x08008be9   Thumb Code     6  stm32f10x_rcc.o(.text)
    RCC_SYSCLKConfig                         0x08008bef   Thumb Code    18  stm32f10x_rcc.o(.text)
    RCC_GetSYSCLKSource                      0x08008c01   Thumb Code    10  stm32f10x_rcc.o(.text)
    RCC_HCLKConfig                           0x08008c0b   Thumb Code    18  stm32f10x_rcc.o(.text)
    RCC_PCLK1Config                          0x08008c1d   Thumb Code    18  stm32f10x_rcc.o(.text)
    RCC_PCLK2Config                          0x08008c2f   Thumb Code    20  stm32f10x_rcc.o(.text)
    RCC_ITConfig                             0x08008c43   Thumb Code    26  stm32f10x_rcc.o(.text)
    RCC_USBCLKConfig                         0x08008c5d   Thumb Code     6  stm32f10x_rcc.o(.text)
    RCC_ADCCLKConfig                         0x08008c63   Thumb Code    18  stm32f10x_rcc.o(.text)
    RCC_LSEConfig                            0x08008c75   Thumb Code    44  stm32f10x_rcc.o(.text)
    RCC_LSICmd                               0x08008ca1   Thumb Code     6  stm32f10x_rcc.o(.text)
    RCC_RTCCLKConfig                         0x08008ca7   Thumb Code    12  stm32f10x_rcc.o(.text)
    RCC_RTCCLKCmd                            0x08008cb3   Thumb Code     8  stm32f10x_rcc.o(.text)
    RCC_GetClocksFreq                        0x08008cbb   Thumb Code   192  stm32f10x_rcc.o(.text)
    RCC_AHBPeriphClockCmd                    0x08008d7b   Thumb Code    26  stm32f10x_rcc.o(.text)
    RCC_APB2PeriphClockCmd                   0x08008d95   Thumb Code    26  stm32f10x_rcc.o(.text)
    RCC_APB1PeriphClockCmd                   0x08008daf   Thumb Code    26  stm32f10x_rcc.o(.text)
    RCC_APB2PeriphResetCmd                   0x08008dc9   Thumb Code    26  stm32f10x_rcc.o(.text)
    RCC_APB1PeriphResetCmd                   0x08008de3   Thumb Code    26  stm32f10x_rcc.o(.text)
    RCC_BackupResetCmd                       0x08008dfd   Thumb Code     8  stm32f10x_rcc.o(.text)
    RCC_ClockSecuritySystemCmd               0x08008e05   Thumb Code     6  stm32f10x_rcc.o(.text)
    RCC_MCOConfig                            0x08008e0b   Thumb Code     6  stm32f10x_rcc.o(.text)
    RCC_ClearFlag                            0x08008e11   Thumb Code    14  stm32f10x_rcc.o(.text)
    RCC_GetITStatus                          0x08008e1f   Thumb Code    20  stm32f10x_rcc.o(.text)
    RCC_ClearITPendingBit                    0x08008e33   Thumb Code     6  stm32f10x_rcc.o(.text)
    SPI_I2S_DeInit                           0x08008e65   Thumb Code    76  stm32f10x_spi.o(.text)
    SPI_Init                                 0x08008eb1   Thumb Code    60  stm32f10x_spi.o(.text)
    I2S_Init                                 0x08008eed   Thumb Code   226  stm32f10x_spi.o(.text)
    SPI_StructInit                           0x08008fcf   Thumb Code    24  stm32f10x_spi.o(.text)
    I2S_StructInit                           0x08008fe7   Thumb Code    20  stm32f10x_spi.o(.text)
    SPI_Cmd                                  0x08008ffb   Thumb Code    24  stm32f10x_spi.o(.text)
    I2S_Cmd                                  0x08009013   Thumb Code    24  stm32f10x_spi.o(.text)
    SPI_I2S_ITConfig                         0x0800902b   Thumb Code    32  stm32f10x_spi.o(.text)
    SPI_I2S_DMACmd                           0x0800904b   Thumb Code    18  stm32f10x_spi.o(.text)
    SPI_I2S_SendData                         0x0800905d   Thumb Code     4  stm32f10x_spi.o(.text)
    SPI_I2S_ReceiveData                      0x08009061   Thumb Code     6  stm32f10x_spi.o(.text)
    SPI_NSSInternalSoftwareConfig            0x08009067   Thumb Code    30  stm32f10x_spi.o(.text)
    SPI_SSOutputCmd                          0x08009085   Thumb Code    24  stm32f10x_spi.o(.text)
    SPI_DataSizeConfig                       0x0800909d   Thumb Code    18  stm32f10x_spi.o(.text)
    SPI_TransmitCRC                          0x080090af   Thumb Code    10  stm32f10x_spi.o(.text)
    SPI_CalculateCRC                         0x080090b9   Thumb Code    24  stm32f10x_spi.o(.text)
    SPI_GetCRC                               0x080090d1   Thumb Code    16  stm32f10x_spi.o(.text)
    SPI_GetCRCPolynomial                     0x080090e1   Thumb Code     6  stm32f10x_spi.o(.text)
    SPI_BiDirectionalLineConfig              0x080090e7   Thumb Code    28  stm32f10x_spi.o(.text)
    SPI_I2S_GetFlagStatus                    0x08009103   Thumb Code    18  stm32f10x_spi.o(.text)
    SPI_I2S_ClearFlag                        0x08009115   Thumb Code     6  stm32f10x_spi.o(.text)
    SPI_I2S_GetITStatus                      0x0800911b   Thumb Code    52  stm32f10x_spi.o(.text)
    SPI_I2S_ClearITPendingBit                0x0800914f   Thumb Code    20  stm32f10x_spi.o(.text)
    TIM_DeInit                               0x08009171   Thumb Code   424  stm32f10x_tim.o(.text)
    TIM_TimeBaseInit                         0x08009319   Thumb Code   122  stm32f10x_tim.o(.text)
    TIM_OC1Init                              0x08009393   Thumb Code   132  stm32f10x_tim.o(.text)
    TIM_OC2Init                              0x08009417   Thumb Code   154  stm32f10x_tim.o(.text)
    TIM_OC3Init                              0x080094b1   Thumb Code   150  stm32f10x_tim.o(.text)
    TIM_OC4Init                              0x08009547   Thumb Code   182  stm32f10x_tim.o(.text)
    TIM_SetIC4Prescaler                      0x080095fd   Thumb Code    26  stm32f10x_tim.o(.text)
    TIM_SetIC3Prescaler                      0x08009699   Thumb Code    18  stm32f10x_tim.o(.text)
    TIM_SetIC2Prescaler                      0x08009725   Thumb Code    26  stm32f10x_tim.o(.text)
    TIM_SetIC1Prescaler                      0x080097c1   Thumb Code    18  stm32f10x_tim.o(.text)
    TIM_ICInit                               0x0800983f   Thumb Code   150  stm32f10x_tim.o(.text)
    TIM_PWMIConfig                           0x080098d5   Thumb Code   124  stm32f10x_tim.o(.text)
    TIM_BDTRConfig                           0x08009951   Thumb Code    32  stm32f10x_tim.o(.text)
    TIM_TimeBaseStructInit                   0x08009971   Thumb Code    18  stm32f10x_tim.o(.text)
    TIM_OCStructInit                         0x08009983   Thumb Code    20  stm32f10x_tim.o(.text)
    TIM_ICStructInit                         0x08009997   Thumb Code    18  stm32f10x_tim.o(.text)
    TIM_BDTRStructInit                       0x080099a9   Thumb Code    40  stm32f10x_tim.o(.text)
    TIM_Cmd                                  0x080099d1   Thumb Code    24  stm32f10x_tim.o(.text)
    TIM_CtrlPWMOutputs                       0x080099e9   Thumb Code    30  stm32f10x_tim.o(.text)
    TIM_ITConfig                             0x08009a07   Thumb Code    18  stm32f10x_tim.o(.text)
    TIM_GenerateEvent                        0x08009a19   Thumb Code     4  stm32f10x_tim.o(.text)
    TIM_DMAConfig                            0x08009a1d   Thumb Code    10  stm32f10x_tim.o(.text)
    TIM_DMACmd                               0x08009a27   Thumb Code    18  stm32f10x_tim.o(.text)
    TIM_InternalClockConfig                  0x08009a39   Thumb Code    12  stm32f10x_tim.o(.text)
    TIM_SelectInputTrigger                   0x08009a45   Thumb Code    18  stm32f10x_tim.o(.text)
    TIM_ITRxExternalClockConfig              0x08009a57   Thumb Code    24  stm32f10x_tim.o(.text)
    TIM_TIxExternalClockConfig               0x08009a6f   Thumb Code    62  stm32f10x_tim.o(.text)
    TIM_ETRConfig                            0x08009aad   Thumb Code    28  stm32f10x_tim.o(.text)
    TIM_ETRClockMode1Config                  0x08009ac9   Thumb Code    54  stm32f10x_tim.o(.text)
    TIM_ETRClockMode2Config                  0x08009aff   Thumb Code    32  stm32f10x_tim.o(.text)
    TIM_PrescalerConfig                      0x08009b1f   Thumb Code     6  stm32f10x_tim.o(.text)
    TIM_CounterModeConfig                    0x08009b25   Thumb Code    18  stm32f10x_tim.o(.text)
    TIM_EncoderInterfaceConfig               0x08009b37   Thumb Code    66  stm32f10x_tim.o(.text)
    TIM_ForcedOC1Config                      0x08009b79   Thumb Code    18  stm32f10x_tim.o(.text)
    TIM_ForcedOC2Config                      0x08009b8b   Thumb Code    26  stm32f10x_tim.o(.text)
    TIM_ForcedOC3Config                      0x08009ba5   Thumb Code    18  stm32f10x_tim.o(.text)
    TIM_ForcedOC4Config                      0x08009bb7   Thumb Code    26  stm32f10x_tim.o(.text)
    TIM_ARRPreloadConfig                     0x08009bd1   Thumb Code    24  stm32f10x_tim.o(.text)
    TIM_SelectCOM                            0x08009be9   Thumb Code    24  stm32f10x_tim.o(.text)
    TIM_SelectCCDMA                          0x08009c01   Thumb Code    24  stm32f10x_tim.o(.text)
    TIM_CCPreloadControl                     0x08009c19   Thumb Code    24  stm32f10x_tim.o(.text)
    TIM_OC1PreloadConfig                     0x08009c31   Thumb Code    18  stm32f10x_tim.o(.text)
    TIM_OC2PreloadConfig                     0x08009c43   Thumb Code    26  stm32f10x_tim.o(.text)
    TIM_OC3PreloadConfig                     0x08009c5d   Thumb Code    18  stm32f10x_tim.o(.text)
    TIM_OC4PreloadConfig                     0x08009c6f   Thumb Code    26  stm32f10x_tim.o(.text)
    TIM_OC1FastConfig                        0x08009c89   Thumb Code    18  stm32f10x_tim.o(.text)
    TIM_OC2FastConfig                        0x08009c9b   Thumb Code    26  stm32f10x_tim.o(.text)
    TIM_OC3FastConfig                        0x08009cb5   Thumb Code    18  stm32f10x_tim.o(.text)
    TIM_OC4FastConfig                        0x08009cc7   Thumb Code    26  stm32f10x_tim.o(.text)
    TIM_ClearOC1Ref                          0x08009ce1   Thumb Code    18  stm32f10x_tim.o(.text)
    TIM_ClearOC2Ref                          0x08009cf3   Thumb Code    24  stm32f10x_tim.o(.text)
    TIM_ClearOC3Ref                          0x08009d0b   Thumb Code    18  stm32f10x_tim.o(.text)
    TIM_ClearOC4Ref                          0x08009d1d   Thumb Code    24  stm32f10x_tim.o(.text)
    TIM_OC1PolarityConfig                    0x08009d35   Thumb Code    18  stm32f10x_tim.o(.text)
    TIM_OC1NPolarityConfig                   0x08009d47   Thumb Code    18  stm32f10x_tim.o(.text)
    TIM_OC2PolarityConfig                    0x08009d59   Thumb Code    26  stm32f10x_tim.o(.text)
    TIM_OC2NPolarityConfig                   0x08009d73   Thumb Code    26  stm32f10x_tim.o(.text)
    TIM_OC3PolarityConfig                    0x08009d8d   Thumb Code    26  stm32f10x_tim.o(.text)
    TIM_OC3NPolarityConfig                   0x08009da7   Thumb Code    26  stm32f10x_tim.o(.text)
    TIM_OC4PolarityConfig                    0x08009dc1   Thumb Code    26  stm32f10x_tim.o(.text)
    TIM_CCxCmd                               0x08009ddb   Thumb Code    30  stm32f10x_tim.o(.text)
    TIM_CCxNCmd                              0x08009df9   Thumb Code    30  stm32f10x_tim.o(.text)
    TIM_SelectOCxM                           0x08009e17   Thumb Code    82  stm32f10x_tim.o(.text)
    TIM_UpdateDisableConfig                  0x08009e69   Thumb Code    24  stm32f10x_tim.o(.text)
    TIM_UpdateRequestConfig                  0x08009e81   Thumb Code    24  stm32f10x_tim.o(.text)
    TIM_SelectHallSensor                     0x08009e99   Thumb Code    24  stm32f10x_tim.o(.text)
    TIM_SelectOnePulseMode                   0x08009eb1   Thumb Code    18  stm32f10x_tim.o(.text)
    TIM_SelectOutputTrigger                  0x08009ec3   Thumb Code    18  stm32f10x_tim.o(.text)
    TIM_SelectSlaveMode                      0x08009ed5   Thumb Code    18  stm32f10x_tim.o(.text)
    TIM_SelectMasterSlaveMode                0x08009ee7   Thumb Code    18  stm32f10x_tim.o(.text)
    TIM_SetCounter                           0x08009ef9   Thumb Code     4  stm32f10x_tim.o(.text)
    TIM_SetAutoreload                        0x08009efd   Thumb Code     4  stm32f10x_tim.o(.text)
    TIM_SetCompare1                          0x08009f01   Thumb Code     4  stm32f10x_tim.o(.text)
    TIM_SetCompare2                          0x08009f05   Thumb Code     4  stm32f10x_tim.o(.text)
    TIM_SetCompare3                          0x08009f09   Thumb Code     4  stm32f10x_tim.o(.text)
    TIM_SetCompare4                          0x08009f0d   Thumb Code     6  stm32f10x_tim.o(.text)
    TIM_SetClockDivision                     0x08009f13   Thumb Code    18  stm32f10x_tim.o(.text)
    TIM_GetCapture1                          0x08009f25   Thumb Code     6  stm32f10x_tim.o(.text)
    TIM_GetCapture2                          0x08009f2b   Thumb Code     6  stm32f10x_tim.o(.text)
    TIM_GetCapture3                          0x08009f31   Thumb Code     6  stm32f10x_tim.o(.text)
    TIM_GetCapture4                          0x08009f37   Thumb Code     8  stm32f10x_tim.o(.text)
    TIM_GetCounter                           0x08009f3f   Thumb Code     6  stm32f10x_tim.o(.text)
    TIM_GetPrescaler                         0x08009f45   Thumb Code     6  stm32f10x_tim.o(.text)
    TIM_GetFlagStatus                        0x08009f4b   Thumb Code    18  stm32f10x_tim.o(.text)
    TIM_ClearFlag                            0x08009f5d   Thumb Code     6  stm32f10x_tim.o(.text)
    TIM_GetITStatus                          0x08009f63   Thumb Code    34  stm32f10x_tim.o(.text)
    TIM_ClearITPendingBit                    0x08009f85   Thumb Code     6  stm32f10x_tim.o(.text)
    __rt_ctype_table                         0x08009f8d   Thumb Code     4  ctype_o.o(.text)
    __aeabi_memcpy                           0x08009f95   Thumb Code    36  memcpya.o(.text)
    __aeabi_memcpy4                          0x08009f95   Thumb Code     0  memcpya.o(.text)
    __aeabi_memcpy8                          0x08009f95   Thumb Code     0  memcpya.o(.text)
    strlen                                   0x08009fb9   Thumb Code    14  strlen.o(.text)
    __scatterload                            0x08009fc9   Thumb Code    28  init.o(.text)
    __scatterload_rt2                        0x08009fc9   Thumb Code     0  init.o(.text)
    __decompress                             0x08009fed   Thumb Code     0  __dczerorl2.o(.text)
    __decompress1                            0x08009fed   Thumb Code    92  __dczerorl2.o(.text)
    __aeabi_errno_addr                       0x0800a049   Thumb Code     4  errno.o(i.__aeabi_errno_addr)
    __rt_errno_addr                          0x0800a049   Thumb Code     0  errno.o(i.__aeabi_errno_addr)
    __scatterload_copy                       0x0800a051   Thumb Code    14  handlers.o(i.__scatterload_copy)
    __scatterload_null                       0x0800a05f   Thumb Code     2  handlers.o(i.__scatterload_null)
    __scatterload_zeroinit                   0x0800a061   Thumb Code    14  handlers.o(i.__scatterload_zeroinit)
    smartconfigkey                           0x0800a06e   Data          16  wifi_application.o(.constdata)
    CurrentSpeedCode                         0x0800a07e   Data          15  lcddisplay.o(.constdata)
    TotalDripCode                            0x0800a08d   Data          12  lcddisplay.o(.constdata)
    TerminalPowerPrecentCode                 0x0800a099   Data          15  lcddisplay.o(.constdata)
    WorkingStatusCode                        0x0800a0a8   Data          16  lcddisplay.o(.constdata)
    OSUnMapTbl                               0x0800a0b8   Data         256  os_core.o(.constdata)
    rfSettings                               0x0800a1b8   Data          35  cc1101.o(.constdata)
    Font_0                                   0x0800a1dc   Data          22  uc1701x.o(.constdata)
    Font_1                                   0x0800a1f2   Data          16  uc1701x.o(.constdata)
    Font_2                                   0x0800a202   Data          22  uc1701x.o(.constdata)
    Font_3                                   0x0800a218   Data          22  uc1701x.o(.constdata)
    Font_4                                   0x0800a22e   Data          24  uc1701x.o(.constdata)
    Font_5                                   0x0800a246   Data          22  uc1701x.o(.constdata)
    Font_6                                   0x0800a25c   Data          22  uc1701x.o(.constdata)
    Font_7                                   0x0800a272   Data          22  uc1701x.o(.constdata)
    Font_8                                   0x0800a288   Data          22  uc1701x.o(.constdata)
    Font_9                                   0x0800a29e   Data          22  uc1701x.o(.constdata)
    Font_a                                   0x0800a2b4   Data          18  uc1701x.o(.constdata)
    Font_b                                   0x0800a2c6   Data          20  uc1701x.o(.constdata)
    Font_c                                   0x0800a2da   Data          16  uc1701x.o(.constdata)
    Font_d                                   0x0800a2ea   Data          18  uc1701x.o(.constdata)
    Font_e                                   0x0800a2fc   Data          16  uc1701x.o(.constdata)
    Font_f                                   0x0800a30c   Data          14  uc1701x.o(.constdata)
    Font_g                                   0x0800a31a   Data          18  uc1701x.o(.constdata)
    Font_h                                   0x0800a32c   Data          20  uc1701x.o(.constdata)
    Font_i                                   0x0800a340   Data          14  uc1701x.o(.constdata)
    Font_j                                   0x0800a34e   Data          12  uc1701x.o(.constdata)
    Font_k                                   0x0800a35a   Data          20  uc1701x.o(.constdata)
    Font_l                                   0x0800a36e   Data          10  uc1701x.o(.constdata)
    Font_m                                   0x0800a378   Data          30  uc1701x.o(.constdata)
    Font_n                                   0x0800a396   Data          20  uc1701x.o(.constdata)
    Font_o                                   0x0800a3aa   Data          18  uc1701x.o(.constdata)
    Font_p                                   0x0800a3bc   Data          20  uc1701x.o(.constdata)
    Font_q                                   0x0800a3d0   Data          18  uc1701x.o(.constdata)
    Font_r                                   0x0800a3e2   Data          18  uc1701x.o(.constdata)
    Font_s                                   0x0800a3f4   Data          14  uc1701x.o(.constdata)
    Font_t                                   0x0800a402   Data          14  uc1701x.o(.constdata)
    Font_u                                   0x0800a410   Data          20  uc1701x.o(.constdata)
    Font_v                                   0x0800a424   Data          20  uc1701x.o(.constdata)
    Font_w                                   0x0800a438   Data          28  uc1701x.o(.constdata)
    Font_x                                   0x0800a454   Data          18  uc1701x.o(.constdata)
    Font_y                                   0x0800a466   Data          18  uc1701x.o(.constdata)
    Font_z                                   0x0800a478   Data          18  uc1701x.o(.constdata)
    Bmp001                                   0x0800a48a   Data          14  uc1701x.o(.constdata)
    Font_Size                                0x0800a498   Data         123  uc1701x.o(.constdata)
    Font_NULL                                0x0800a513   Data          20  uc1701x.o(.constdata)
    Font_Points                              0x0800a528   Data         492  uc1701x.o(.constdata)
    sbox                                     0x0800a714   Data         256  security.o(.constdata)
    rsbox                                    0x0800a814   Data         256  security.o(.constdata)
    Rcon                                     0x0800a914   Data          11  security.o(.constdata)
    __ctype_table                            0x0800a91f   Data         129  ctype_o.o(.constdata)
    Region$$Table$$Base                      0x0800a9a4   Number         0  anon$$obj.o(Region$$Table)
    Region$$Table$$Limit                     0x0800a9c4   Number         0  anon$$obj.o(Region$$Table)
    SystemCoreClock                          0x20000000   Data           4  system_stm32f10x.o(.data)
    AHBPrescTable                            0x20000004   Data          16  system_stm32f10x.o(.data)
    DataDisplayRefreshFlag                   0x20000014   Data           1  app.o(.data)
    CC1101Rec_Semp                           0x20000018   Data           4  app.o(.data)
    err                                      0x2000001c   Data           1  app.o(.data)
    WiFi_Status                              0x2000001d   Data           1  app.o(.data)
    DisplayStatus                            0x2000001e   Data           1  app.o(.data)
    Server_Port                              0x20000020   Data           2  wifi_application.o(.data)
    TCP_Mode                                 0x20000022   Data           1  wifi_application.o(.data)
    Relay_Cty_Flag                           0x20000024   Data           2  wifi_application.o(.data)
    ulWifiEvent                              0x20000026   Data           1  wifi_application.o(.data)
    ulCC3000Resetflags                       0x20000027   Data           1  wifi_application.o(.data)
    Rxlen                                    0x20000028   Data           2  wifi_application.o(.data)
    aucCC3000_prefix                         0x2000002a   Data           3  wifi_application.o(.data)
    device_name                              0x2000002d   Data           7  wifi_application.o(.data)
    WIFIRxLen                                0x20000034   Data           2  wifi_application.o(.data)
    WIFITxLen                                0x20000036   Data           2  wifi_application.o(.data)
    SysEvent                                 0x20000038   Data           1  wifi_application.o(.data)
    Deviceipaddr                             0x2000003c   Data           4  wifi_application.o(.data)
    Connectedipaddr                          0x20000040   Data           4  wifi_application.o(.data)
    ulSmartConfigFinished                    0x20000044   Data           4  wifi_application.o(.data)
    ulCC3000Connected                        0x20000048   Data           4  wifi_application.o(.data)
    ulCC3000DHCP                             0x2000004c   Data           4  wifi_application.o(.data)
    OkToDoShutDown                           0x20000050   Data           4  wifi_application.o(.data)
    ulCC3000DHCP_configured                  0x20000054   Data           4  wifi_application.o(.data)
    ucStopSmartConfig                        0x20000058   Data           1  wifi_application.o(.data)
    ulSocket                                 0x2000005c   Data           4  wifi_application.o(.data)
    ulTcpSocket                              0x20000060   Data           4  wifi_application.o(.data)
    DeviceMac_Addr                           0x20000064   Data           6  wifi_application.o(.data)
    MsgBegin                                 0x2000006c   Data           4  dataprocess.o(.data)
    ModelAddress                             0x20000070   Data           4  dataprocess.o(.data)
    Sequence_Id                              0x20000074   Data           4  dataprocess.o(.data)
    Terminal_ID                              0x20000078   Data           6  dataprocess.o(.data)
    CurrentSpeed                             0x2000007e   Data           1  dataprocess.o(.data)
    TotalDrip                                0x20000080   Data           4  dataprocess.o(.data)
    TerminalPowerPrecent                     0x20000084   Data           1  dataprocess.o(.data)
    WorkingStatus                            0x20000085   Data           1  dataprocess.o(.data)
    MsgLength                                0x20000088   Data           4  dataprocess.o(.data)
    CommandId                                0x2000008c   Data           1  dataprocess.o(.data)
    MsgStatus                                0x2000008d   Data           1  dataprocess.o(.data)
    CC1101DataRecFlag                        0x2000008e   Data           1  dataprocess.o(.data)
    delayCount                               0x2000009c   Data           4  bsp.o(.data)
    Key_event_Flag                           0x200000a0   Data           1  bsp.o(.data)
    Key_event_timeout                        0x200000a2   Data           2  bsp.o(.data)
    Relay_Flag                               0x200000a4   Data           2  bsp.o(.data)
    OSCtxSwCtr                               0x200000ac   Data           4  os_core.o(.data)
    OSEventFreeList                          0x200000b0   Data           4  os_core.o(.data)
    OSFlagFreeList                           0x200000b4   Data           4  os_core.o(.data)
    OSCPUUsage                               0x200000b8   Data           1  os_core.o(.data)
    OSIdleCtrMax                             0x200000bc   Data           4  os_core.o(.data)
    OSIdleCtrRun                             0x200000c0   Data           4  os_core.o(.data)
    OSStatRdy                                0x200000c4   Data           1  os_core.o(.data)
    OSIntNesting                             0x200000c5   Data           1  os_core.o(.data)
    OSLockNesting                            0x200000c6   Data           1  os_core.o(.data)
    OSPrioCur                                0x200000c7   Data           1  os_core.o(.data)
    OSPrioHighRdy                            0x200000c8   Data           1  os_core.o(.data)
    OSRdyGrp                                 0x200000c9   Data           1  os_core.o(.data)
    OSRdyTbl                                 0x200000ca   Data           8  os_core.o(.data)
    OSRunning                                0x200000d2   Data           1  os_core.o(.data)
    OSTaskCtr                                0x200000d3   Data           1  os_core.o(.data)
    OSIdleCtr                                0x200000d4   Data           4  os_core.o(.data)
    OSTCBCur                                 0x200000d8   Data           4  os_core.o(.data)
    OSTCBFreeList                            0x200000dc   Data           4  os_core.o(.data)
    OSTCBHighRdy                             0x200000e0   Data           4  os_core.o(.data)
    OSTCBList                                0x200000e4   Data           4  os_core.o(.data)
    OSTickStepState                          0x200000e8   Data           1  os_core.o(.data)
    OSMemFreeList                            0x200000ec   Data           4  os_core.o(.data)
    OSQFreeList                              0x200000f0   Data           4  os_core.o(.data)
    OSTime                                   0x200000f4   Data           4  os_core.o(.data)
    PaTabel                                  0x200000f8   Data           8  cc1101.o(.data)
    BmpCode                                  0x20000100   Data         720  uc1701x.o(.data)
    tSpiReadHeader                           0x200003d0   Data           5  cc3000spi.o(.data)
    socket_active_status                     0x200003d8   Data           4  evnt_handler.o(.data)
    GstkStart                                0x200003f4   Data         400  app.o(.bss)
    WLANSENDTaskStk                          0x20000584   Data         400  app.o(.bss)
    WLANRECEIVETaskStk                       0x20000714   Data         400  app.o(.bss)
    CC1100TaskStk                            0x200008a4   Data         400  app.o(.bss)
    TestTaskStk                              0x20000a34   Data         400  app.o(.bss)
    FlashTaskStk                             0x20000bc4   Data         400  app.o(.bss)
    LCDTaskStk                               0x20000d54   Data         400  app.o(.bss)
    EventTimeOut                             0x20000ee4   Data          32  wifi_application.o(.bss)
    Ipconfig                                 0x20000f04   Data          58  wifi_application.o(.bss)
    result_ssid                              0x20000f3e   Data          32  wifi_application.o(.bss)
    WIFIRxBuf                                0x20000f5e   Data        1024  wifi_application.o(.bss)
    WIFITxBuf                                0x2000135e   Data        1024  wifi_application.o(.bss)
    pucCC3000_Rx_Buffer                      0x2000175e   Data          52  wifi_application.o(.bss)
    TxBuffer                                 0x20001792   Data          64  dataprocess.o(.bss)
    CC1101RxBuf                              0x200017d2   Data          64  dataprocess.o(.bss)
    CC3000RxBuf                              0x20001812   Data          64  dataprocess.o(.bss)
    OSEventTbl                               0x20001854   Data         240  os_core.o(.bss)
    OSFlagTbl                                0x20001944   Data          80  os_core.o(.bss)
    OSTaskStatStk                            0x20001994   Data         512  os_core.o(.bss)
    OSTaskIdleStk                            0x20001b94   Data         512  os_core.o(.bss)
    OSTCBPrioTbl                             0x20001d94   Data         256  os_core.o(.bss)
    OSTCBTbl                                 0x20001e94   Data        1936  os_core.o(.bss)
    OSMemTbl                                 0x20002624   Data         120  os_core.o(.bss)
    OSQTbl                                   0x2000269c   Data          96  os_core.o(.bss)
    sSpiInformation                          0x200026fc   Data          20  cc3000spi.o(.bss)
    wlan_rx_buffer                           0x20002710   Data         131  cc3000spi.o(.bss)
    wlan_tx_buffer                           0x20002793   Data         131  cc3000spi.o(.bss)
    expandedKey                              0x20002816   Data         176  security.o(.bss)
    tSLInformation                           0x200028c8   Data          68  wlan.o(.bss)
    key                                      0x2000290c   Data          16  wlan.o(.bss)
    profileArray                             0x2000291c   Data          67  wlan.o(.bss)
    __initial_sp                             0x20002d60   Data           0  startup_stm32f10x_md.o(STACK)



==============================================================================

Memory Map of the image

  Image Entry point : 0x080000ed

  Load Region LR_IROM1 (Base: 0x08000000, Size: 0x0000adb8, Max: 0x00010000, ABSOLUTE, COMPRESSED[0x0000ab74])

    Execution Region ER_IROM1 (Base: 0x08000000, Size: 0x0000a9c4, Max: 0x00010000, ABSOLUTE)

    Base Addr    Size         Type   Attr      Idx    E Section Name        Object

    0x08000000   0x000000ec   Data   RO          116    RESET               startup_stm32f10x_md.o
    0x080000ec   0x00000000   Code   RO         1095  * .ARM.Collect$$$$00000000  mc_w.l(entry.o)
    0x080000ec   0x00000004   Code   RO         1139    .ARM.Collect$$$$00000001  mc_w.l(entry2.o)
    0x080000f0   0x00000004   Code   RO         1142    .ARM.Collect$$$$00000004  mc_w.l(entry5.o)
    0x080000f4   0x00000000   Code   RO         1144    .ARM.Collect$$$$00000008  mc_w.l(entry7b.o)
    0x080000f4   0x00000000   Code   RO         1146    .ARM.Collect$$$$0000000A  mc_w.l(entry8b.o)
    0x080000f4   0x00000008   Code   RO         1147    .ARM.Collect$$$$0000000B  mc_w.l(entry9a.o)
    0x080000fc   0x00000000   Code   RO         1149    .ARM.Collect$$$$0000000D  mc_w.l(entry10a.o)
    0x080000fc   0x00000000   Code   RO         1151    .ARM.Collect$$$$0000000F  mc_w.l(entry11a.o)
    0x080000fc   0x00000004   Code   RO         1140    .ARM.Collect$$$$00002712  mc_w.l(entry2.o)
    0x08000100   0x000001dc   Code   RO           17    .text               system_stm32f10x.o
    0x080002dc   0x00000024   Code   RO          117    .text               startup_stm32f10x_md.o
    0x08000300   0x00000016   Code   RO          121    .text               stm32f10x_it.o
    0x08000316   0x00000002   PAD
    0x08000318   0x0000015c   Code   RO          153    .text               app.o
    0x08000474   0x00000b94   Code   RO          322    .text               wifi_application.o
    0x08001008   0x0000012c   Code   RO          375    .text               dataprocess.o
    0x08001134   0x000001dc   Code   RO          392    .text               lcddisplay.o
    0x08001310   0x000003c4   Code   RO          409    .text               bsp.o
    0x080016d4   0x00000d04   Code   RO          428    .text               os_core.o
    0x080023d8   0x00000818   Code   RO          457    .text               os_flag.o
    0x08002bf0   0x000001e4   Code   RO          481    .text               os_mem.o
    0x08002dd4   0x00000600   Code   RO          505    .text               os_q.o
    0x080033d4   0x000003a4   Code   RO          517    .text               os_sem.o
    0x08003778   0x00000830   Code   RO          529    .text               os_task.o
    0x08003fa8   0x000001b8   Code   RO          541    .text               os_time.o
    0x08004160   0x00000100   Code   RO          559    .text               os_cpu_c.o
    0x08004260   0x000000a4   Code   RO          578    .text               os_cpu_a.o
    0x08004304   0x00000694   Code   RO          581    .text               cc1101.o
    0x08004998   0x00000524   Code   RO          598    .text               spi_flash.o
    0x08004ebc   0x00000370   Code   RO          610    .text               uc1701x.o
    0x0800522c   0x00000054   Code   RO          628    .text               cc3000_common.o
    0x08005280   0x00000698   Code   RO          660    .text               cc3000spi.o
    0x08005918   0x00000770   Code   RO          683    .text               evnt_handler.o
    0x08006088   0x00000180   Code   RO          715    .text               hci.o
    0x08006208   0x00000258   Code   RO          727    .text               netapp.o
    0x08006460   0x000001b0   Code   RO          748    .text               nvmem.o
    0x08006610   0x00000d20   Code   RO          764    .text               security.o
    0x08007330   0x000007ac   Code   RO          783    .text               socket.o
    0x08007adc   0x00000844   Code   RO          795    .text               wlan.o
    0x08008320   0x000000dc   Code   RO          817    .text               misc.o
    0x080083fc   0x00000250   Code   RO          913    .text               stm32f10x_dma.o
    0x0800864c   0x0000011c   Code   RO          925    .text               stm32f10x_exti.o
    0x08008768   0x00000358   Code   RO          961    .text               stm32f10x_gpio.o
    0x08008ac0   0x000003a4   Code   RO         1009    .text               stm32f10x_rcc.o
    0x08008e64   0x0000030c   Code   RO         1047    .text               stm32f10x_spi.o
    0x08009170   0x00000e1a   Code   RO         1059    .text               stm32f10x_tim.o
    0x08009f8a   0x00000002   PAD
    0x08009f8c   0x00000008   Code   RO         1098    .text               mc_w.l(ctype_o.o)
    0x08009f94   0x00000024   Code   RO         1126    .text               mc_w.l(memcpya.o)
    0x08009fb8   0x0000000e   Code   RO         1128    .text               mc_w.l(strlen.o)
    0x08009fc6   0x00000002   PAD
    0x08009fc8   0x00000024   Code   RO         1153    .text               mc_w.l(init.o)
    0x08009fec   0x0000005c   Code   RO         1163    .text               mc_w.l(__dczerorl2.o)
    0x0800a048   0x00000008   Code   RO         1132    i.__aeabi_errno_addr  mc_w.l(errno.o)
    0x0800a050   0x0000000e   Code   RO         1157    i.__scatterload_copy  mc_w.l(handlers.o)
    0x0800a05e   0x00000002   Code   RO         1158    i.__scatterload_null  mc_w.l(handlers.o)
    0x0800a060   0x0000000e   Code   RO         1159    i.__scatterload_zeroinit  mc_w.l(handlers.o)
    0x0800a06e   0x00000010   Data   RO          324    .constdata          wifi_application.o
    0x0800a07e   0x0000003a   Data   RO          393    .constdata          lcddisplay.o
    0x0800a0b8   0x00000100   Data   RO          430    .constdata          os_core.o
    0x0800a1b8   0x00000023   Data   RO          582    .constdata          cc1101.o
    0x0800a1db   0x00000001   PAD
    0x0800a1dc   0x00000538   Data   RO          611    .constdata          uc1701x.o
    0x0800a714   0x0000020b   Data   RO          766    .constdata          security.o
    0x0800a91f   0x00000081   Data   RO         1099    .constdata          mc_w.l(ctype_o.o)
    0x0800a9a0   0x00000004   Data   RO         1100    .constdata          mc_w.l(ctype_o.o)
    0x0800a9a4   0x00000020   Data   RO         1155    Region$$Table       anon$$obj.o


    Execution Region RW_IRAM1 (Base: 0x20000000, Size: 0x00002d60, Max: 0x00005000, ABSOLUTE, COMPRESSED[0x000001b0])

    Base Addr    Size         Type   Attr      Idx    E Section Name        Object

    0x20000000   0x00000014   Data   RW           18    .data               system_stm32f10x.o
    0x20000014   0x0000000b   Data   RW          155    .data               app.o
    0x2000001f   0x00000001   PAD
    0x20000020   0x0000004a   Data   RW          325    .data               wifi_application.o
    0x2000006a   0x00000002   PAD
    0x2000006c   0x00000023   Data   RW          377    .data               dataprocess.o
    0x2000008f   0x00000001   PAD
    0x20000090   0x0000000b   Data   RW          394    .data               lcddisplay.o
    0x2000009b   0x00000001   PAD
    0x2000009c   0x0000000d   Data   RW          410    .data               bsp.o
    0x200000a9   0x00000003   PAD
    0x200000ac   0x0000004c   Data   RW          431    .data               os_core.o
    0x200000f8   0x00000008   Data   RW          583    .data               cc1101.o
    0x20000100   0x000002d0   Data   RW          612    .data               uc1701x.o
    0x200003d0   0x00000005   Data   RW          662    .data               cc3000spi.o
    0x200003d5   0x00000003   PAD
    0x200003d8   0x00000004   Data   RW          684    .data               evnt_handler.o
    0x200003dc   0x00000014   Data   RW         1010    .data               stm32f10x_rcc.o
    0x200003f0   0x00000004   Data   RW         1135    .data               mc_w.l(errno.o)
    0x200003f4   0x00000af0   Zero   RW          154    .bss                app.o
    0x20000ee4   0x000008ae   Zero   RW          323    .bss                wifi_application.o
    0x20001792   0x000000c0   Zero   RW          376    .bss                dataprocess.o
    0x20001852   0x00000002   PAD
    0x20001854   0x00000ea8   Zero   RW          429    .bss                os_core.o
    0x200026fc   0x0000011a   Zero   RW          661    .bss                cc3000spi.o
    0x20002816   0x000000b0   Zero   RW          765    .bss                security.o
    0x200028c6   0x00000002   PAD
    0x200028c8   0x00000097   Zero   RW          796    .bss                wlan.o
    0x2000295f   0x00000001   PAD
    0x20002960   0x00000400   Zero   RW          114    STACK               startup_stm32f10x_md.o


==============================================================================

Image component sizes


      Code (inc. data)   RO Data    RW Data    ZI Data      Debug   Object Name

       348         52          0         11       2800     270947   app.o
       964         52          0         13          0      18524   bsp.o
      1684         36         35          8          0       5659   cc1101.o
        84          0          0          0          0       7604   cc3000_common.o
      1688         70          0          5        282      23443   cc3000spi.o
         0          0          0          0          0       4244   core_cm3.o
       300         54          0         35        192       2234   dataprocess.o
      1904         48          0          4          0       6117   evnt_handler.o
       384          0          0          0          0       1898   hci.o
       476         36         58         11          0       2217   lcddisplay.o
       220         20          0          0          0       1725   misc.o
       600          6          0          0          0       3703   netapp.o
       432          4          0          0          0       2480   nvmem.o
      3332        274        256         76       3752      17871   os_core.o
       164         32          0          0          0        284   os_cpu_a.o
       256          6          0          0          0      11486   os_cpu_c.o
      2072         40          0          0          0       6712   os_flag.o
       484         16          0          0          0       3040   os_mem.o
      1536         36          0          0          0       5461   os_q.o
       932         22          0          0          0       3806   os_sem.o
      2096         70          0          0          0       7509   os_task.o
       440         30          0          0          0       1738   os_time.o
      3360         24        523          0        176       4079   security.o
      1964         10          0          0          0       9137   socket.o
      1316         24          0          0          0       5228   spi_flash.o
        36          8        236          0       1024        776   startup_stm32f10x_md.o
       592          8          0          0          0       4258   stm32f10x_dma.o
       284         10          0          0          0       2163   stm32f10x_exti.o
       856         40          0          0          0       5577   stm32f10x_gpio.o
        22          0          0          0          0       9490   stm32f10x_it.o
       932         44          0         20          0       8712   stm32f10x_rcc.o
       780         14          0          0          0       6454   stm32f10x_spi.o
      3610         88          0          0          0      22060   stm32f10x_tim.o
       476         36          0         20          0     261227   system_stm32f10x.o
       880         20       1336        720          0       5663   uc1701x.o
      2964        222         16         74       2222      14303   wifi_application.o
      2116         26          0          0        151      11781   wlan.o

    ----------------------------------------------------------------------
     40588       1478       2493       1008      10604     779610   Object Totals
         0          0         32          0          0          0   (incl. Generated)
         4          0          1         11          5          0   (incl. Padding)

    ----------------------------------------------------------------------

      Code (inc. data)   RO Data    RW Data    ZI Data      Debug   Library Member Name

        92          0          0          0          0          0   __dczerorl2.o
         8          4        133          0          0         68   ctype_o.o
         0          0          0          0          0          0   entry.o
         0          0          0          0          0          0   entry10a.o
         0          0          0          0          0          0   entry11a.o
         8          4          0          0          0          0   entry2.o
         4          0          0          0          0          0   entry5.o
         0          0          0          0          0          0   entry7b.o
         0          0          0          0          0          0   entry8b.o
         8          4          0          0          0          0   entry9a.o
         8          4          0          4          0         68   errno.o
        30          0          0          0          0          0   handlers.o
        36          8          0          0          0         68   init.o
        36          0          0          0          0         68   memcpya.o
        14          0          0          0          0         68   strlen.o

    ----------------------------------------------------------------------
       246         24        133          4          0        340   Library Totals
         2          0          0          0          0          0   (incl. Padding)

    ----------------------------------------------------------------------

      Code (inc. data)   RO Data    RW Data    ZI Data      Debug   Library Name

       244         24        133          4          0        340   mc_w.l

    ----------------------------------------------------------------------
       246         24        133          4          0        340   Library Totals

    ----------------------------------------------------------------------

==============================================================================


      Code (inc. data)   RO Data    RW Data    ZI Data      Debug   

     40834       1502       2626       1012      10604     776622   Grand Totals
     40834       1502       2626        432      10604     776622   ELF Image Totals (compressed)
     40834       1502       2626        432          0          0   ROM Totals

==============================================================================

    Total RO  Size (Code + RO Data)                43460 (  42.44kB)
    Total RW  Size (RW Data + ZI Data)             11616 (  11.34kB)
    Total ROM Size (Code + RO Data + RW Data)      43892 (  42.86kB)

==============================================================================

